/home/ken/STM32CubeIDE/workspace_1.9.0/STemWin_HelloWorld/Drivers/BSP/STM32F429I-Discovery/stm32f429i_discovery_ts.c:85:9:BSP_TS_Init	16	static
/home/ken/STM32CubeIDE/workspace_1.9.0/STemWin_HelloWorld/Drivers/BSP/STM32F429I-Discovery/stm32f429i_discovery_ts.c:116:9:BSP_TS_ITConfig	8	static
/home/ken/STM32CubeIDE/workspace_1.9.0/STemWin_HelloWorld/Drivers/BSP/STM32F429I-Discovery/stm32f429i_discovery_ts.c:128:9:BSP_TS_ITGetStatus	0	static
/home/ken/STM32CubeIDE/workspace_1.9.0/STemWin_HelloWorld/Drivers/BSP/STM32F429I-Discovery/stm32f429i_discovery_ts.c:138:6:BSP_TS_GetState	24	static
/home/ken/STM32CubeIDE/workspace_1.9.0/STemWin_HelloWorld/Drivers/BSP/STM32F429I-Discovery/stm32f429i_discovery_ts.c:214:6:BSP_TS_ITClear	0	static
