/home/ken/STM32CubeIDE/workspace_1.9.0/STemWin_HelloWorld/Drivers/BSP/STM32F429I-Discovery/stm32f429i_discovery_io.c:89:9:BSP_IO_Init	16	static
/home/ken/STM32CubeIDE/workspace_1.9.0/STemWin_HelloWorld/Drivers/BSP/STM32F429I-Discovery/stm32f429i_discovery_io.c:115:9:BSP_IO_ITGetStatus	8	static
/home/ken/STM32CubeIDE/workspace_1.9.0/STemWin_HelloWorld/Drivers/BSP/STM32F429I-Discovery/stm32f429i_discovery_io.c:124:6:BSP_IO_ITClear	0	static
/home/ken/STM32CubeIDE/workspace_1.9.0/STemWin_HelloWorld/Drivers/BSP/STM32F429I-Discovery/stm32f429i_discovery_io.c:143:6:BSP_IO_ConfigPin	0	static
/home/ken/STM32CubeIDE/workspace_1.9.0/STemWin_HelloWorld/Drivers/BSP/STM32F429I-Discovery/stm32f429i_discovery_io.c:155:6:BSP_IO_WritePin	0	static
/home/ken/STM32CubeIDE/workspace_1.9.0/STemWin_HelloWorld/Drivers/BSP/STM32F429I-Discovery/stm32f429i_discovery_io.c:167:10:BSP_IO_ReadPin	8	static
/home/ken/STM32CubeIDE/workspace_1.9.0/STemWin_HelloWorld/Drivers/BSP/STM32F429I-Discovery/stm32f429i_discovery_io.c:177:6:BSP_IO_TogglePin	16	static
