/home/ken/STM32CubeIDE/workspace_1.9.0/STemWin_HelloWorld/STemWin/Target/LCDConf_stm32f429i_disco_MB1075.c:970:18:DMA2D_MixColors	40	static
/home/ken/STM32CubeIDE/workspace_1.9.0/STemWin_HelloWorld/STemWin/Target/LCDConf_stm32f429i_disco_MB1075.c:1021:13:DMA2D_ConvertColor	24	static
/home/ken/STM32CubeIDE/workspace_1.9.0/STemWin_HelloWorld/STemWin/Target/LCDConf_stm32f429i_disco_MB1075.c:1060:25:_LCD_GetpPalConvTable	32	static
/home/ken/STM32CubeIDE/workspace_1.9.0/STemWin_HelloWorld/STemWin/Target/LCDConf_stm32f429i_disco_MB1075.c:1120:13:DMA2D_MixColorsBulk	24	static
/home/ken/STM32CubeIDE/workspace_1.9.0/STemWin_HelloWorld/STemWin/Target/LCDConf_stm32f429i_disco_MB1075.c:1158:13:DMA2D_AlphaBlending	24	static
/home/ken/STM32CubeIDE/workspace_1.9.0/STemWin_HelloWorld/STemWin/Target/LCDConf_stm32f429i_disco_MB1075.c:1183:13:DMA2D_Index2ColorBulk	32	static
/home/ken/STM32CubeIDE/workspace_1.9.0/STemWin_HelloWorld/STemWin/Target/LCDConf_stm32f429i_disco_MB1075.c:1204:13:DMA2D_Color2IndexBulk	32	static
/home/ken/STM32CubeIDE/workspace_1.9.0/STemWin_HelloWorld/STemWin/Target/LCDConf_stm32f429i_disco_MB1075.c:1226:13:LCD_MixColorsBulk	40	static
/home/ken/STM32CubeIDE/workspace_1.9.0/STemWin_HelloWorld/STemWin/Target/LCDConf_stm32f429i_disco_MB1075.c:1258:13:DMA2D_DrawBitmapL8	24	static
/home/ken/STM32CubeIDE/workspace_1.9.0/STemWin_HelloWorld/STemWin/Target/LCDConf_stm32f429i_disco_MB1075.c:1298:13:BSP_LCD_DrawBitmap16bpp	64	static
/home/ken/STM32CubeIDE/workspace_1.9.0/STemWin_HelloWorld/STemWin/Target/LCDConf_stm32f429i_disco_MB1075.c:1321:13:BSP_LCD_DrawBitmap8bpp	72	static
/home/ken/STM32CubeIDE/workspace_1.9.0/STemWin_HelloWorld/STemWin/Target/LCDConf_stm32f429i_disco_MB1075.c:792:17:GetBufferSize	0	static
/home/ken/STM32CubeIDE/workspace_1.9.0/STemWin_HelloWorld/STemWin/Target/LCDConf_stm32f429i_disco_MB1075.c:869:13:DMA2D_LoadLUT	0	static
/home/ken/STM32CubeIDE/workspace_1.9.0/STemWin_HelloWorld/STemWin/Target/LCDConf_stm32f429i_disco_MB1075.c:886:13:InvertAlpha_SwapRB	16	static
/home/ken/STM32CubeIDE/workspace_1.9.0/STemWin_HelloWorld/STemWin/Target/LCDConf_stm32f429i_disco_MB1075.c:907:13:InvertAlpha	8	static
/home/ken/STM32CubeIDE/workspace_1.9.0/STemWin_HelloWorld/STemWin/Target/LCDConf_stm32f429i_disco_MB1075.c:926:13:DMA2D_AlphaBlendingBulk	12	static
/home/ken/STM32CubeIDE/workspace_1.9.0/STemWin_HelloWorld/STemWin/Target/LCDConf_stm32f429i_disco_MB1075.c:677:17:LCD_LL_GetPixelformat.part.0	0	static
/home/ken/STM32CubeIDE/workspace_1.9.0/STemWin_HelloWorld/STemWin/Target/LCDConf_stm32f429i_disco_MB1075.c:677:17:LCD_LL_GetPixelformat	0	static
/home/ken/STM32CubeIDE/workspace_1.9.0/STemWin_HelloWorld/STemWin/Target/LCDConf_stm32f429i_disco_MB1075.c:726:13:DMA2D_CopyBuffer	16	static
/home/ken/STM32CubeIDE/workspace_1.9.0/STemWin_HelloWorld/STemWin/Target/LCDConf_stm32f429i_disco_MB1075.c:804:13:CUSTOM_CopyBuffer	32	static
/home/ken/STM32CubeIDE/workspace_1.9.0/STemWin_HelloWorld/STemWin/Target/LCDConf_stm32f429i_disco_MB1075.c:829:13:CUSTOM_CopyRect	24	static
/home/ken/STM32CubeIDE/workspace_1.9.0/STemWin_HelloWorld/STemWin/Target/LCDConf_stm32f429i_disco_MB1075.c:842:13:CUSTOM_FillRect	32	static
/home/ken/STM32CubeIDE/workspace_1.9.0/STemWin_HelloWorld/STemWin/Target/LCDConf_stm32f429i_disco_MB1075.c:184:6:HAL_DMA2D_MspInit	8	static
/home/ken/STM32CubeIDE/workspace_1.9.0/STemWin_HelloWorld/STemWin/Target/LCDConf_stm32f429i_disco_MB1075.c:197:6:HAL_DMA2D_MspDeInit	0	static
/home/ken/STM32CubeIDE/workspace_1.9.0/STemWin_HelloWorld/STemWin/Target/LCDConf_stm32f429i_disco_MB1075.c:214:6:HAL_LTDC_MspInit	64	static
/home/ken/STM32CubeIDE/workspace_1.9.0/STemWin_HelloWorld/STemWin/Target/LCDConf_stm32f429i_disco_MB1075.c:303:6:HAL_LTDC_MspDeInit	0	static
/home/ken/STM32CubeIDE/workspace_1.9.0/STemWin_HelloWorld/STemWin/Target/LCDConf_stm32f429i_disco_MB1075.c:319:6:HAL_LTDC_LineEventCallback	16	static
/home/ken/STM32CubeIDE/workspace_1.9.0/STemWin_HelloWorld/STemWin/Target/LCDConf_stm32f429i_disco_MB1075.c:354:6:LCD_X_Config	16	static
/home/ken/STM32CubeIDE/workspace_1.9.0/STemWin_HelloWorld/STemWin/Target/LCDConf_stm32f429i_disco_MB1075.c:461:5:LCD_X_DisplayDriver	72	static
/home/ken/STM32CubeIDE/workspace_1.9.0/STemWin_HelloWorld/STemWin/Target/LCDConf_stm32f429i_disco_MB1075.c:158:1:Index2ColorBulk_M8888IDMA2D	16	static
/home/ken/STM32CubeIDE/workspace_1.9.0/STemWin_HelloWorld/STemWin/Target/LCDConf_stm32f429i_disco_MB1075.c:159:1:Index2ColorBulk_M888DMA2D	0	static
/home/ken/STM32CubeIDE/workspace_1.9.0/STemWin_HelloWorld/STemWin/Target/LCDConf_stm32f429i_disco_MB1075.c:162:1:Index2ColorBulk_M4444IDMA2D	16	static
/home/ken/STM32CubeIDE/workspace_1.9.0/STemWin_HelloWorld/STemWin/Target/LCDConf_stm32f429i_disco_MB1075.c:160:1:Index2ColorBulk_M565DMA2D	16	static
/home/ken/STM32CubeIDE/workspace_1.9.0/STemWin_HelloWorld/STemWin/Target/LCDConf_stm32f429i_disco_MB1075.c:161:1:Index2ColorBulk_M1555IDMA2D	16	static
/home/ken/STM32CubeIDE/workspace_1.9.0/STemWin_HelloWorld/STemWin/Target/LCDConf_stm32f429i_disco_MB1075.c:158:1:Color2IndexBulk_M8888IDMA2D	16	static
/home/ken/STM32CubeIDE/workspace_1.9.0/STemWin_HelloWorld/STemWin/Target/LCDConf_stm32f429i_disco_MB1075.c:159:1:Color2IndexBulk_M888DMA2D	0	static
/home/ken/STM32CubeIDE/workspace_1.9.0/STemWin_HelloWorld/STemWin/Target/LCDConf_stm32f429i_disco_MB1075.c:162:1:Color2IndexBulk_M4444IDMA2D	16	static
/home/ken/STM32CubeIDE/workspace_1.9.0/STemWin_HelloWorld/STemWin/Target/LCDConf_stm32f429i_disco_MB1075.c:160:1:Color2IndexBulk_M565DMA2D	16	static
/home/ken/STM32CubeIDE/workspace_1.9.0/STemWin_HelloWorld/STemWin/Target/LCDConf_stm32f429i_disco_MB1075.c:161:1:Color2IndexBulk_M1555IDMA2D	16	static
