/home/ken/STM32CubeIDE/workspace_1.9.0/STemWin_HelloWorld/Core/Src/stm32f4xx_it.c:45:6:NMI_Handler	0	static
/home/ken/STM32CubeIDE/workspace_1.9.0/STemWin_HelloWorld/Core/Src/stm32f4xx_it.c:54:6:HardFault_Handler	0	static
/home/ken/STM32CubeIDE/workspace_1.9.0/STemWin_HelloWorld/Core/Src/stm32f4xx_it.c:67:6:MemManage_Handler	0	static
/home/ken/STM32CubeIDE/workspace_1.9.0/STemWin_HelloWorld/Core/Src/stm32f4xx_it.c:80:6:BusFault_Handler	0	static
/home/ken/STM32CubeIDE/workspace_1.9.0/STemWin_HelloWorld/Core/Src/stm32f4xx_it.c:93:6:UsageFault_Handler	0	static
/home/ken/STM32CubeIDE/workspace_1.9.0/STemWin_HelloWorld/Core/Src/stm32f4xx_it.c:106:6:DebugMon_Handler	0	static
/home/ken/STM32CubeIDE/workspace_1.9.0/STemWin_HelloWorld/Core/Src/stm32f4xx_it.c:115:6:SysTick_Handler	8	static
/home/ken/STM32CubeIDE/workspace_1.9.0/STemWin_HelloWorld/Core/Src/stm32f4xx_it.c:144:6:TIM3_IRQHandler	0	static
/home/ken/STM32CubeIDE/workspace_1.9.0/STemWin_HelloWorld/Core/Src/stm32f4xx_it.c:154:6:LTDC_IRQHandler	0	static
/home/ken/STM32CubeIDE/workspace_1.9.0/STemWin_HelloWorld/Core/Src/stm32f4xx_it.c:160:6:EXTI0_IRQHandler	0	static
