Archive member included to satisfy reference by file (symbol)

../../../Middlewares/ST/STemWin/Lib/STemWin_CM4_wc32.a(GUICC_1616I.o)
                              ./Middlewares/STemWin/Config/LCDConf_stm32f429i_disco_MB1075.o (LCD_API_ColorConv_1616I)
../../../Middlewares/ST/STemWin/Lib/STemWin_CM4_wc32.a(GUICC_8666.o)
                              ./Middlewares/STemWin/Config/LCDConf_stm32f429i_disco_MB1075.o (LCD_API_ColorConv_8666)
../../../Middlewares/ST/STemWin/Lib/STemWin_CM4_wc32.a(GUICC_88666I.o)
                              ./Middlewares/STemWin/Config/LCDConf_stm32f429i_disco_MB1075.o (LCD_API_ColorConv_88666I)
../../../Middlewares/ST/STemWin/Lib/STemWin_CM4_wc32.a(GUICC_M1555I.o)
                              ./Middlewares/STemWin/Config/LCDConf_stm32f429i_disco_MB1075.o (GUICC_M1555I_SetCustColorConv)
../../../Middlewares/ST/STemWin/Lib/STemWin_CM4_wc32.a(GUICC_M4444I.o)
                              ./Middlewares/STemWin/Config/LCDConf_stm32f429i_disco_MB1075.o (GUICC_M4444I_SetCustColorConv)
../../../Middlewares/ST/STemWin/Lib/STemWin_CM4_wc32.a(GUICC_M8888I.o)
                              ./Middlewares/STemWin/Config/LCDConf_stm32f429i_disco_MB1075.o (GUICC_M8888I_SetCustColorConv)
../../../Middlewares/ST/STemWin/Lib/STemWin_CM4_wc32.a(GUICC_M565.o)
                              ./Middlewares/STemWin/Config/LCDConf_stm32f429i_disco_MB1075.o (GUICC_M565_SetCustColorConv)
../../../Middlewares/ST/STemWin/Lib/STemWin_CM4_wc32.a(GUICC_M888.o)
                              ./Middlewares/STemWin/Config/LCDConf_stm32f429i_disco_MB1075.o (GUICC_M888_SetCustColorConv)
../../../Middlewares/ST/STemWin/Lib/STemWin_CM4_wc32.a(GUICC_M8888I_Index2Color.o)
                              ../../../Middlewares/ST/STemWin/Lib/STemWin_CM4_wc32.a(GUICC_M8888I.o) (LCD_Index2Color_M8888I)
../../../Middlewares/ST/STemWin/Lib/STemWin_CM4_wc32.a(GUICC_M888_Index2Color.o)
                              ../../../Middlewares/ST/STemWin/Lib/STemWin_CM4_wc32.a(GUICC_M888.o) (LCD_Index2Color_M888)
../../../Middlewares/ST/STemWin/Lib/STemWin_CM4_wc32.a(GUI_Alloc.o)
                              ./Middlewares/STemWin/Config/GUIConf.o (GUI_ALLOC_AssignMemory)
../../../Middlewares/ST/STemWin/Lib/STemWin_CM4_wc32.a(GUI_Common.o)
                              ./Middlewares/STemWin/Config/LCDConf_stm32f429i_disco_MB1075.o (GUI_GetDrawMode)
../../../Middlewares/ST/STemWin/Lib/STemWin_CM4_wc32.a(GUI_Core.o)
                              ../../../Middlewares/ST/STemWin/Lib/STemWin_CM4_wc32.a(GUI_Common.o) (GUI_pfExecAnimations)
../../../Middlewares/ST/STemWin/Lib/STemWin_CM4_wc32.a(GUI_Device.o)
                              ./Middlewares/STemWin/Config/LCDConf_stm32f429i_disco_MB1075.o (GUI_DEVICE_CreateAndLink)
../../../Middlewares/ST/STemWin/Lib/STemWin_CM4_wc32.a(GUI_DispString.o)
                              ../../../Middlewares/ST/STemWin/Lib/STemWin_CM4_wc32.a(GUI_Common.o) (GUI_DispString)
../../../Middlewares/ST/STemWin/Lib/STemWin_CM4_wc32.a(GUI_DispStringInRectEx.o)
                              ../../../Middlewares/ST/STemWin/Lib/STemWin_CM4_wc32.a(GUI_DispString.o) (GUI_DispStringInRectEx)
../../../Middlewares/ST/STemWin/Lib/STemWin_CM4_wc32.a(GUI_MULTIBUF.o)
                              ./Middlewares/STemWin/Config/LCDConf_stm32f429i_disco_MB1075.o (GUI_MULTIBUF_ConfirmEx)
../../../Middlewares/ST/STemWin/Lib/STemWin_CM4_wc32.a(GUI_OnKey.o)
                              ../../../Middlewares/ST/STemWin/Lib/STemWin_CM4_wc32.a(GUI_Common.o) (GUI_GetKey)
../../../Middlewares/ST/STemWin/Lib/STemWin_CM4_wc32.a(GUI_SelectLayer.o)
                              ./Middlewares/STemWin/Config/LCDConf_stm32f429i_disco_MB1075.o (GUI_GetLayerPosEx)
../../../Middlewares/ST/STemWin/Lib/STemWin_CM4_wc32.a(GUI_TOUCH.o)
                              ./Application/User/main.o (GUI_TOUCH_StoreStateEx)
../../../Middlewares/ST/STemWin/Lib/STemWin_CM4_wc32.a(GUI_UC.o)
                              ../../../Middlewares/ST/STemWin/Lib/STemWin_CM4_wc32.a(GUI_DispString.o) (GUI_UC__GetCharCodeInc)
../../../Middlewares/ST/STemWin/Lib/STemWin_CM4_wc32.a(GUI_UC_EncodeNone.o)
                              ../../../Middlewares/ST/STemWin/Lib/STemWin_CM4_wc32.a(GUI_Core.o) (GUI_UC_None)
../../../Middlewares/ST/STemWin/Lib/STemWin_CM4_wc32.a(GUI_WaitEvent.o)
                              ../../../Middlewares/ST/STemWin/Lib/STemWin_CM4_wc32.a(GUI_OnKey.o) (GUI_SignalEvent)
../../../Middlewares/ST/STemWin/Lib/STemWin_CM4_wc32.a(GUI__Alpha.o)
                              ./Middlewares/STemWin/Config/LCDConf_stm32f429i_disco_MB1075.o (GUI_SetFuncAlphaBlending)
../../../Middlewares/ST/STemWin/Lib/STemWin_CM4_wc32.a(GUI__DivTbl.o)
                              ../../../Middlewares/ST/STemWin/Lib/STemWin_CM4_wc32.a(GUICC_M565.o) (GUI__aConvert_255_63)
../../../Middlewares/ST/STemWin/Lib/STemWin_CM4_wc32.a(GUI__ExpandPixelIndices.o)
                              ../../../Middlewares/ST/STemWin/Lib/STemWin_CM4_wc32.a(GUI__Alpha.o) (GUI__ExpandPixelIndicesEx)
[...]
Memory Configuration

Name             Origin             Length             Attributes
RAM              0x0000000020000000 0x0000000000030000 xrw
CCMRAM           0x0000000010000000 0x0000000000010000 rw
FLASH            0x0000000008000000 0x0000000000200000 xr
*default*        0x0000000000000000 0xffffffffffffffff

Linker script and memory map

LOAD /opt/st/stm32cubeide_1.9.0/plugins/com.st.stm32cube.ide.mcu.externaltools.gnu-tools-for-stm32.10.3-2021.10.linux64_1.0.0.202111181127/tools/bin/../lib/gcc/arm-none-eabi/10.3.1/thumb/v7e-m+fp/hard/crti.o
LOAD /opt/st/stm32cubeide_1.9.0/plugins/com.st.stm32cube.ide.mcu.externaltools.gnu-tools-for-stm32.10.3-2021.10.linux64_1.0.0.202111181127/tools/bin/../lib/gcc/arm-none-eabi/10.3.1/thumb/v7e-m+fp/hard/crtbegin.o
LOAD /opt/st/stm32cubeide_1.9.0/plugins/com.st.stm32cube.ide.mcu.externaltools.gnu-tools-for-stm32.10.3-2021.10.linux64_1.0.0.202111181127/tools/bin/../lib/gcc/arm-none-eabi/10.3.1/../../../../arm-none-eabi/lib/thumb/v7e-m+fp/hard/crt0.o
LOAD ./Application/SW4STM32/startup_stm32f429xx.o
LOAD ./Application/User/BASIC_HelloWorld.o
LOAD ./Application/User/main.o
LOAD ./Application/User/stm32f4xx_it.o
LOAD ./Drivers/BSP/Components/ili9341.o
LOAD ./Drivers/BSP/Components/stmpe811.o
LOAD ./Drivers/BSP/STM324x9I_DISCO/stm32f429i_discovery.o
LOAD ./Drivers/BSP/STM324x9I_DISCO/stm32f429i_discovery_io.o
LOAD ./Drivers/BSP/STM324x9I_DISCO/stm32f429i_discovery_lcd.o
LOAD ./Drivers/BSP/STM324x9I_DISCO/stm32f429i_discovery_sdram.o
LOAD ./Drivers/BSP/STM324x9I_DISCO/stm32f429i_discovery_ts.o
LOAD ./Drivers/CMSIS/system_stm32f4xx.o
LOAD ./Drivers/STM32F4xx_HAL_Driver/stm32f4xx_hal.o
LOAD ./Drivers/STM32F4xx_HAL_Driver/stm32f4xx_hal_cortex.o
LOAD ./Drivers/STM32F4xx_HAL_Driver/stm32f4xx_hal_crc.o
LOAD ./Drivers/STM32F4xx_HAL_Driver/stm32f4xx_hal_dma.o
LOAD ./Drivers/STM32F4xx_HAL_Driver/stm32f4xx_hal_dma2d.o
LOAD ./Drivers/STM32F4xx_HAL_Driver/stm32f4xx_hal_flash.o
LOAD ./Drivers/STM32F4xx_HAL_Driver/stm32f4xx_hal_flash_ex.o
LOAD ./Drivers/STM32F4xx_HAL_Driver/stm32f4xx_hal_gpio.o
LOAD ./Drivers/STM32F4xx_HAL_Driver/stm32f4xx_hal_i2c.o
LOAD ./Drivers/STM32F4xx_HAL_Driver/stm32f4xx_hal_i2c_ex.o
LOAD ./Drivers/STM32F4xx_HAL_Driver/stm32f4xx_hal_i2s.o
LOAD ./Drivers/STM32F4xx_HAL_Driver/stm32f4xx_hal_i2s_ex.o
LOAD ./Drivers/STM32F4xx_HAL_Driver/stm32f4xx_hal_ltdc.o
LOAD ./Drivers/STM32F4xx_HAL_Driver/stm32f4xx_hal_pwr.o
LOAD ./Drivers/STM32F4xx_HAL_Driver/stm32f4xx_hal_pwr_ex.o
LOAD ./Drivers/STM32F4xx_HAL_Driver/stm32f4xx_hal_rcc.o
LOAD ./Drivers/STM32F4xx_HAL_Driver/stm32f4xx_hal_rcc_ex.o
LOAD ./Drivers/STM32F4xx_HAL_Driver/stm32f4xx_hal_sdram.o
LOAD ./Drivers/STM32F4xx_HAL_Driver/stm32f4xx_hal_spi.o
LOAD ./Drivers/STM32F4xx_HAL_Driver/stm32f4xx_hal_tim.o
LOAD ./Drivers/STM32F4xx_HAL_Driver/stm32f4xx_hal_tim_ex.o
LOAD ./Drivers/STM32F4xx_HAL_Driver/stm32f4xx_hal_uart.o
LOAD ./Drivers/STM32F4xx_HAL_Driver/stm32f4xx_ll_fmc.o
LOAD ./Middlewares/STemWin/Config/GUIConf.o
LOAD ./Middlewares/STemWin/Config/GUI_X.o
LOAD ./Middlewares/STemWin/Config/LCDConf_stm32f429i_disco_MB1075.o
LOAD ../../../Middlewares/ST/STemWin/Lib/STemWin_CM4_wc32.a
START GROUP
LOAD /opt/st/stm32cubeide_1.9.0/plugins/com.st.stm32cube.ide.mcu.externaltools.gnu-tools-for-stm32.10.3-2021.10.linux64_1.0.0.202111181127/tools/bin/../lib/gcc/arm-none-eabi/10.3.1/../../../../arm-none-eabi/lib/thumb/v7e-m+fp/hard/libc_nano.a
LOAD /opt/st/stm32cubeide_1.9.0/plugins/com.st.stm32cube.ide.mcu.externaltools.gnu-tools-for-stm32.10.3-2021.10.linux64_1.0.0.202111181127/tools/bin/../lib/gcc/arm-none-eabi/10.3.1/../../../../arm-none-eabi/lib/thumb/v7e-m+fp/hard/libm.a
END GROUP
START GROUP
LOAD /opt/st/stm32cubeide_1.9.0/plugins/com.st.stm32cube.ide.mcu.externaltools.gnu-tools-for-stm32.10.3-2021.10.linux64_1.0.0.202111181127/tools/bin/../lib/gcc/arm-none-eabi/10.3.1/thumb/v7e-m+fp/hard/libgcc.a
LOAD /opt/st/stm32cubeide_1.9.0/plugins/com.st.stm32cube.ide.mcu.externaltools.gnu-tools-for-stm32.10.3-2021.10.linux64_1.0.0.202111181127/tools/bin/../lib/gcc/arm-none-eabi/10.3.1/../../../../arm-none-eabi/lib/thumb/v7e-m+fp/hard/libc_nano.a
END GROUP
START GROUP
LOAD /opt/st/stm32cubeide_1.9.0/plugins/com.st.stm32cube.ide.mcu.externaltools.gnu-tools-for-stm32.10.3-2021.10.linux64_1.0.0.202111181127/tools/bin/../lib/gcc/arm-none-eabi/10.3.1/thumb/v7e-m+fp/hard/libgcc.a
LOAD /opt/st/stm32cubeide_1.9.0/plugins/com.st.stm32cube.ide.mcu.externaltools.gnu-tools-for-stm32.10.3-2021.10.linux64_1.0.0.202111181127/tools/bin/../lib/gcc/arm-none-eabi/10.3.1/../../../../arm-none-eabi/lib/thumb/v7e-m+fp/hard/libc_nano.a
LOAD /opt/st/stm32cubeide_1.9.0/plugins/com.st.stm32cube.ide.mcu.externaltools.gnu-tools-for-stm32.10.3-2021.10.linux64_1.0.0.202111181127/tools/bin/../lib/gcc/arm-none-eabi/10.3.1/../../../../arm-none-eabi/lib/thumb/v7e-m+fp/hard/libnosys.a
END GROUP
START GROUP
LOAD /opt/st/stm32cubeide_1.9.0/plugins/com.st.stm32cube.ide.mcu.externaltools.gnu-tools-for-stm32.10.3-2021.10.linux64_1.0.0.202111181127/tools/bin/../lib/gcc/arm-none-eabi/10.3.1/thumb/v7e-m+fp/hard/libgcc.a
LOAD /opt/st/stm32cubeide_1.9.0/plugins/com.st.stm32cube.ide.mcu.externaltools.gnu-tools-for-stm32.10.3-2021.10.linux64_1.0.0.202111181127/tools/bin/../lib/gcc/arm-none-eabi/10.3.1/../../../../arm-none-eabi/lib/thumb/v7e-m+fp/hard/libc_nano.a
LOAD /opt/st/stm32cubeide_1.9.0/plugins/com.st.stm32cube.ide.mcu.externaltools.gnu-tools-for-stm32.10.3-2021.10.linux64_1.0.0.202111181127/tools/bin/../lib/gcc/arm-none-eabi/10.3.1/../../../../arm-none-eabi/lib/thumb/v7e-m+fp/hard/libnosys.a
END GROUP
LOAD /opt/st/stm32cubeide_1.9.0/plugins/com.st.stm32cube.ide.mcu.externaltools.gnu-tools-for-stm32.10.3-2021.10.linux64_1.0.0.202111181127/tools/bin/../lib/gcc/arm-none-eabi/10.3.1/thumb/v7e-m+fp/hard/crtend.o
LOAD /opt/st/stm32cubeide_1.9.0/plugins/com.st.stm32cube.ide.mcu.externaltools.gnu-tools-for-stm32.10.3-2021.10.linux64_1.0.0.202111181127/tools/bin/../lib/gcc/arm-none-eabi/10.3.1/thumb/v7e-m+fp/hard/crtn.o
                0x0000000020030000                _estack = 0x20030000
                0x0000000000001000                _Min_Heap_Size = 0x1000
                0x0000000000001000                _Min_Stack_Size = 0x1000

.isr_vector     0x0000000008000000      0x1ac
                0x0000000008000000                . = ALIGN (0x4)
 *(.isr_vector)
 .isr_vector    0x0000000008000000      0x1ac ./Application/SW4STM32/startup_stm32f429xx.o
                0x0000000008000000                g_pfnVectors
                0x00000000080001ac                . = ALIGN (0x4)

.text           0x00000000080001ac     0xb2e0
                0x00000000080001ac                . = ALIGN (0x4)
 *(.text)
 .text          0x00000000080001ac       0x40 /opt/st/stm32cubeide_1.9.0/plugins/com.st.stm32cube.ide.mcu.externaltools.gnu-tools-for-stm32.10.3-2021.10.linux64_1.0.0.202111181127/tools/bin/../lib/gcc/arm-none-eabi/10.3.1/thumb/v7e-m+fp/hard/crtbegin.o
 .text          0x00000000080001ec       0x30 /opt/st/stm32cubeide_1.9.0/plugins/com.st.stm32cube.ide.mcu.externaltools.gnu-tools-for-stm32.10.3-2021.10.linux64_1.0.0.202111181127/tools/bin/../lib/gcc/arm-none-eabi/10.3.1/thumb/v7e-m+fp/hard/libgcc.a(_aeabi_uldivmod.o)
                0x00000000080001ec                __aeabi_uldivmod
 .text          0x000000000800021c      0x2d0 /opt/st/stm32cubeide_1.9.0/plugins/com.st.stm32cube.ide.mcu.externaltools.gnu-tools-for-stm32.10.3-2021.10.linux64_1.0.0.202111181127/tools/bin/../lib/gcc/arm-none-eabi/10.3.1/thumb/v7e-m+fp/hard/libgcc.a(_udivmoddi4.o)
                0x000000000800021c                __udivmoddi4
 .text          0x00000000080004ec        0x4 /opt/st/stm32cubeide_1.9.0/plugins/com.st.stm32cube.ide.mcu.externaltools.gnu-tools-for-stm32.10.3-2021.10.linux64_1.0.0.202111181127/tools/bin/../lib/gcc/arm-none-eabi/10.3.1/thumb/v7e-m+fp/hard/libgcc.a(_dvmd_tls.o)
                0x00000000080004ec                __aeabi_ldiv0
                0x00000000080004ec                __aeabi_idiv0
 *(.text*)
 .text.Reset_Handler
                0x00000000080004f0       0x50 ./Application/SW4STM32/startup_stm32f429xx.o
                0x00000000080004f0                Reset_Handler
 .text.Default_Handler
                0x0000000008000540        0x2 ./Application/SW4STM32/startup_stm32f429xx.o
                0x0000000008000540                RTC_Alarm_IRQHandler
                0x0000000008000540                HASH_RNG_IRQHandler
                0x0000000008000540                EXTI2_IRQHandler
                0x0000000008000540                TIM8_CC_IRQHandler
                0x0000000008000540                UART8_IRQHandler
                0x0000000008000540                SPI4_IRQHandler
                0x0000000008000540                TIM1_CC_IRQHandler
                0x0000000008000540                DMA2_Stream5_IRQHandler
                0x0000000008000540                DMA1_Stream5_IRQHandler
                0x0000000008000540                PVD_IRQHandler
                0x0000000008000540                SDIO_IRQHandler
                0x0000000008000540                TAMP_STAMP_IRQHandler
                0x0000000008000540                PendSV_Handler
                0x0000000008000540                CAN2_RX1_IRQHandler
                0x0000000008000540                EXTI3_IRQHandler
                0x0000000008000540                TIM8_TRG_COM_TIM14_IRQHandler
                0x0000000008000540                TIM1_UP_TIM10_IRQHandler
                0x0000000008000540                TIM8_UP_TIM13_IRQHandler
                0x0000000008000540                I2C3_ER_IRQHandler
                0x0000000008000540                I2C2_EV_IRQHandler
                0x0000000008000540                DMA1_Stream2_IRQHandler
                0x0000000008000540                CAN1_RX0_IRQHandler
                0x0000000008000540                FPU_IRQHandler
                0x0000000008000540                OTG_HS_WKUP_IRQHandler
                0x0000000008000540                LTDC_ER_IRQHandler
                0x0000000008000540                CAN2_SCE_IRQHandler
                0x0000000008000540                DMA2_Stream2_IRQHandler
                0x0000000008000540                SPI1_IRQHandler
                0x0000000008000540                TIM6_DAC_IRQHandler
                0x0000000008000540                TIM1_BRK_TIM9_IRQHandler
                0x0000000008000540                DCMI_IRQHandler
                0x0000000008000540                CAN2_RX0_IRQHandler
                0x0000000008000540                DMA2_Stream3_IRQHandler
                0x0000000008000540                USART6_IRQHandler
                0x0000000008000540                USART3_IRQHandler
                0x0000000008000540                CAN1_RX1_IRQHandler
                0x0000000008000540                UART5_IRQHandler
                0x0000000008000540                DMA2_Stream0_IRQHandler
                0x0000000008000540                TIM4_IRQHandler
                0x0000000008000540                I2C1_EV_IRQHandler
                0x0000000008000540                DMA1_Stream6_IRQHandler
                0x0000000008000540                DMA1_Stream1_IRQHandler
                0x0000000008000540                UART4_IRQHandler
                0x0000000008000540                RCC_IRQHandler
                0x0000000008000540                TIM8_BRK_TIM12_IRQHandler
                0x0000000008000540                Default_Handler
                0x0000000008000540                EXTI15_10_IRQHandler
                0x0000000008000540                ADC_IRQHandler
                0x0000000008000540                DMA1_Stream7_IRQHandler
                0x0000000008000540                SPI5_IRQHandler
                0x0000000008000540                TIM7_IRQHandler
                0x0000000008000540                CAN2_TX_IRQHandler
                0x0000000008000540                TIM5_IRQHandler
                0x0000000008000540                DMA2_Stream7_IRQHandler
                0x0000000008000540                I2C3_EV_IRQHandler
                0x0000000008000540                EXTI9_5_IRQHandler
                0x0000000008000540                RTC_WKUP_IRQHandler
                0x0000000008000540                ETH_WKUP_IRQHandler
                0x0000000008000540                SPI2_IRQHandler
                0x0000000008000540                OTG_HS_EP1_IN_IRQHandler
                0x0000000008000540                DMA1_Stream0_IRQHandler
                0x0000000008000540                CAN1_TX_IRQHandler
                0x0000000008000540                SVC_Handler
                0x0000000008000540                EXTI4_IRQHandler
                0x0000000008000540                ETH_IRQHandler
                0x0000000008000540                OTG_HS_EP1_OUT_IRQHandler
                0x0000000008000540                WWDG_IRQHandler
                0x0000000008000540                SPI6_IRQHandler
                0x0000000008000540                TIM2_IRQHandler
                0x0000000008000540                OTG_FS_WKUP_IRQHandler
                0x0000000008000540                TIM1_TRG_COM_TIM11_IRQHandler
                0x0000000008000540                OTG_HS_IRQHandler
                0x0000000008000540                DMA2D_IRQHandler
                0x0000000008000540                EXTI1_IRQHandler
                0x0000000008000540                UART7_IRQHandler
                0x0000000008000540                USART2_IRQHandler
                0x0000000008000540                I2C2_ER_IRQHandler
                0x0000000008000540                DMA2_Stream1_IRQHandler
                0x0000000008000540                CAN1_SCE_IRQHandler
                0x0000000008000540                FLASH_IRQHandler
                0x0000000008000540                DMA2_Stream4_IRQHandler
                0x0000000008000540                USART1_IRQHandler
                0x0000000008000540                OTG_FS_IRQHandler
                0x0000000008000540                SPI3_IRQHandler
                0x0000000008000540                DMA1_Stream4_IRQHandler
                0x0000000008000540                I2C1_ER_IRQHandler
                0x0000000008000540                FMC_IRQHandler
                0x0000000008000540                DMA2_Stream6_IRQHandler
                0x0000000008000540                SAI1_IRQHandler
                0x0000000008000540                DMA1_Stream3_IRQHandler
 *fill*         0x0000000008000542        0x2 
 .text.MainTask
                0x0000000008000544       0x38 ./Application/User/BASIC_HelloWorld.o
                0x0000000008000544                MainTask
 .text.startup.main
                0x000000000800057c      0x118 ./Application/User/main.o
                0x000000000800057c                main
 .text.HAL_GPIO_EXTI_Callback
                0x0000000008000694        0xc ./Application/User/main.o
                0x0000000008000694                HAL_GPIO_EXTI_Callback
 .text.HAL_TIM_Base_MspInit
                0x00000000080006a0       0x34 ./Application/User/main.o
                0x00000000080006a0                HAL_TIM_Base_MspInit
 .text.BSP_Pointer_Update
                0x00000000080006d4       0x70 ./Application/User/main.o
                0x00000000080006d4                BSP_Pointer_Update
 .text.BSP_Background
                0x0000000008000744       0x70 ./Application/User/main.o
                0x0000000008000744                BSP_Background
 .text.HAL_TIM_PeriodElapsedCallback
                0x00000000080007b4        0x4 ./Application/User/main.o
                0x00000000080007b4                HAL_TIM_PeriodElapsedCallback
 .text.NMI_Handler
                0x00000000080007b8        0x2 ./Application/User/stm32f4xx_it.o
                0x00000000080007b8                NMI_Handler
 .text.HardFault_Handler
                0x00000000080007ba        0x2 ./Application/User/stm32f4xx_it.o
                0x00000000080007ba                HardFault_Handler
 .text.MemManage_Handler
                0x00000000080007bc        0x2 ./Application/User/stm32f4xx_it.o
                0x00000000080007bc                MemManage_Handler
 .text.BusFault_Handler
                0x00000000080007be        0x2 ./Application/User/stm32f4xx_it.o
                0x00000000080007be                BusFault_Handler
 .text.UsageFault_Handler
                0x00000000080007c0        0x2 ./Application/User/stm32f4xx_it.o
                0x00000000080007c0                UsageFault_Handler
 .text.DebugMon_Handler
                0x00000000080007c2        0x2 ./Application/User/stm32f4xx_it.o
                0x00000000080007c2                DebugMon_Handler
 .text.SysTick_Handler
                0x00000000080007c4       0x14 ./Application/User/stm32f4xx_it.o
                0x00000000080007c4                SysTick_Handler
 .text.TIM3_IRQHandler
                0x00000000080007d8        0xc ./Application/User/stm32f4xx_it.o
                0x00000000080007d8                TIM3_IRQHandler
 .text.LTDC_IRQHandler
                0x00000000080007e4        0xc ./Application/User/stm32f4xx_it.o
                0x00000000080007e4                LTDC_IRQHandler
 .text.EXTI0_IRQHandler
                0x00000000080007f0        0x6 ./Application/User/stm32f4xx_it.o
                0x00000000080007f0                EXTI0_IRQHandler
 .text.ili9341_Init
                0x00000000080007f6      0x292 ./Drivers/BSP/Components/ili9341.o
                0x00000000080007f6                ili9341_Init
 .text.stmpe811_IO_WritePin
                0x0000000008000a88       0x12 ./Drivers/BSP/Components/stmpe811.o
                0x0000000008000a88                stmpe811_IO_WritePin
 .text.stmpe811_Reset
                0x0000000008000a9a       0x28 ./Drivers/BSP/Components/stmpe811.o
                0x0000000008000a9a                stmpe811_Reset
 .text.stmpe811_ReadID
                0x0000000008000ac2       0x24 ./Drivers/BSP/Components/stmpe811.o
                0x0000000008000ac2                stmpe811_ReadID
 .text.stmpe811_IO_ReadPin
                0x0000000008000ae6       0x12 ./Drivers/BSP/Components/stmpe811.o
                0x0000000008000ae6                stmpe811_IO_ReadPin
 .text.stmpe811_IO_ITStatus
                0x0000000008000af8       0x12 ./Drivers/BSP/Components/stmpe811.o
                0x0000000008000af8                stmpe811_IO_ITStatus
 .text.stmpe811_TS_DetectTouch
                0x0000000008000b0a       0x38 ./Drivers/BSP/Components/stmpe811.o
                0x0000000008000b0a                stmpe811_TS_DetectTouch
 .text.stmpe811_TS_GetXY
                0x0000000008000b42       0x3c ./Drivers/BSP/Components/stmpe811.o
                0x0000000008000b42                stmpe811_TS_GetXY
 *fill*         0x0000000008000b7e        0x2 
 .text.stmpe811_Init
                0x0000000008000b80       0x30 ./Drivers/BSP/Components/stmpe811.o
                0x0000000008000b80                stmpe811_Init
 .text.stmpe811_EnableGlobalIT
                0x0000000008000bb0       0x1e ./Drivers/BSP/Components/stmpe811.o
                0x0000000008000bb0                stmpe811_EnableGlobalIT
 .text.stmpe811_DisableGlobalIT
                0x0000000008000bce       0x1c ./Drivers/BSP/Components/stmpe811.o
                0x0000000008000bce                stmpe811_DisableGlobalIT
 .text.stmpe811_EnableITSource
                0x0000000008000bea       0x1e ./Drivers/BSP/Components/stmpe811.o
                0x0000000008000bea                stmpe811_EnableITSource
 .text.stmpe811_IO_EnableIT
                0x0000000008000c08       0x1c ./Drivers/BSP/Components/stmpe811.o
                0x0000000008000c08                stmpe811_IO_EnableIT
 .text.stmpe811_TS_EnableIT
                0x0000000008000c24       0x1c ./Drivers/BSP/Components/stmpe811.o
                0x0000000008000c24                stmpe811_TS_EnableIT
 .text.stmpe811_DisableITSource
                0x0000000008000c40       0x20 ./Drivers/BSP/Components/stmpe811.o
                0x0000000008000c40                stmpe811_DisableITSource
 .text.stmpe811_IO_DisableIT
                0x0000000008000c60       0x14 ./Drivers/BSP/Components/stmpe811.o
                0x0000000008000c60                stmpe811_IO_DisableIT
 .text.stmpe811_TS_DisableIT
                0x0000000008000c74       0x14 ./Drivers/BSP/Components/stmpe811.o
                0x0000000008000c74                stmpe811_TS_DisableIT
 .text.stmpe811_SetITPolarity
                0x0000000008000c88       0x22 ./Drivers/BSP/Components/stmpe811.o
                0x0000000008000c88                stmpe811_SetITPolarity
 .text.stmpe811_SetITType
                0x0000000008000caa       0x22 ./Drivers/BSP/Components/stmpe811.o
                0x0000000008000caa                stmpe811_SetITType
 .text.stmpe811_ReadGITStatus
                0x0000000008000ccc       0x10 ./Drivers/BSP/Components/stmpe811.o
                0x0000000008000ccc                stmpe811_ReadGITStatus
 .text.stmpe811_TS_ITStatus
                0x0000000008000cdc        0x6 ./Drivers/BSP/Components/stmpe811.o
                0x0000000008000cdc                stmpe811_TS_ITStatus
 .text.stmpe811_ClearGlobalIT
                0x0000000008000ce2        0xa ./Drivers/BSP/Components/stmpe811.o
                0x0000000008000ce2                stmpe811_ClearGlobalIT
 .text.stmpe811_IO_ClearIT
                0x0000000008000cec       0x3e ./Drivers/BSP/Components/stmpe811.o
                0x0000000008000cec                stmpe811_IO_ClearIT
 .text.stmpe811_TS_ClearIT
                0x0000000008000d2a        0x6 ./Drivers/BSP/Components/stmpe811.o
                0x0000000008000d2a                stmpe811_TS_ClearIT
 .text.stmpe811_IO_InitPin
                0x0000000008000d30       0x2c ./Drivers/BSP/Components/stmpe811.o
                0x0000000008000d30                stmpe811_IO_InitPin
 .text.stmpe811_IO_DisableAF
                0x0000000008000d5c       0x1e ./Drivers/BSP/Components/stmpe811.o
                0x0000000008000d5c                stmpe811_IO_DisableAF
 .text.stmpe811_IO_Start
                0x0000000008000d7a       0x28 ./Drivers/BSP/Components/stmpe811.o
                0x0000000008000d7a                stmpe811_IO_Start
 .text.stmpe811_IO_EnableAF
                0x0000000008000da2       0x20 ./Drivers/BSP/Components/stmpe811.o
                0x0000000008000da2                stmpe811_IO_EnableAF
 .text.stmpe811_TS_Start
                0x0000000008000dc2       0xa4 ./Drivers/BSP/Components/stmpe811.o
                0x0000000008000dc2                stmpe811_TS_Start
 .text.stmpe811_IO_SetEdgeMode
                0x0000000008000e66       0x5c ./Drivers/BSP/Components/stmpe811.o
                0x0000000008000e66                stmpe811_IO_SetEdgeMode
 .text.stmpe811_IO_EnablePinIT
                0x0000000008000ec2       0x1e ./Drivers/BSP/Components/stmpe811.o
                0x0000000008000ec2                stmpe811_IO_EnablePinIT
 .text.stmpe811_IO_Config
                0x0000000008000ee0       0xc8 ./Drivers/BSP/Components/stmpe811.o
                0x0000000008000ee0                stmpe811_IO_Config
 .text.SPIx_Init
                0x0000000008000fa8       0x9c ./Drivers/BSP/STM324x9I_DISCO/stm32f429i_discovery.o
 .text.SPIx_Write
                0x0000000008001044       0x30 ./Drivers/BSP/STM324x9I_DISCO/stm32f429i_discovery.o
 .text.I2Cx_Init
                0x0000000008001074       0xf0 ./Drivers/BSP/STM324x9I_DISCO/stm32f429i_discovery.o
 .text.I2Cx_Error
                0x0000000008001164       0x14 ./Drivers/BSP/STM324x9I_DISCO/stm32f429i_discovery.o
 .text.BSP_LED_Init
                0x0000000008001178       0x74 ./Drivers/BSP/STM324x9I_DISCO/stm32f429i_discovery.o
                0x0000000008001178                BSP_LED_Init
 .text.BSP_LED_Off
                0x00000000080011ec       0x1c ./Drivers/BSP/STM324x9I_DISCO/stm32f429i_discovery.o
                0x00000000080011ec                BSP_LED_Off
 .text.BSP_LED_Toggle
                0x0000000008001208       0x1c ./Drivers/BSP/STM324x9I_DISCO/stm32f429i_discovery.o
                0x0000000008001208                BSP_LED_Toggle
 .text.BSP_PB_Init
                0x0000000008001224       0x74 ./Drivers/BSP/STM324x9I_DISCO/stm32f429i_discovery.o
                0x0000000008001224                BSP_PB_Init
 .text.BSP_PB_GetState
                0x0000000008001298       0x18 ./Drivers/BSP/STM324x9I_DISCO/stm32f429i_discovery.o
                0x0000000008001298                BSP_PB_GetState
 .text.LCD_IO_Init
                0x00000000080012b0       0xbc ./Drivers/BSP/STM324x9I_DISCO/stm32f429i_discovery.o
                0x00000000080012b0                LCD_IO_Init
 .text.LCD_IO_WriteData
                0x000000000800136c       0x38 ./Drivers/BSP/STM324x9I_DISCO/stm32f429i_discovery.o
                0x000000000800136c                LCD_IO_WriteData
 .text.LCD_IO_WriteReg
                0x00000000080013a4       0x38 ./Drivers/BSP/STM324x9I_DISCO/stm32f429i_discovery.o
                0x00000000080013a4                LCD_IO_WriteReg
 .text.LCD_Delay
                0x00000000080013dc        0x4 ./Drivers/BSP/STM324x9I_DISCO/stm32f429i_discovery.o
                0x00000000080013dc                LCD_Delay
 .text.IOE_Init
                0x00000000080013e0        0x4 ./Drivers/BSP/STM324x9I_DISCO/stm32f429i_discovery.o
                0x00000000080013e0                IOE_Init
 .text.IOE_ITConfig
                0x00000000080013e4       0x54 ./Drivers/BSP/STM324x9I_DISCO/stm32f429i_discovery.o
                0x00000000080013e4                IOE_ITConfig
 .text.IOE_Write
                0x0000000008001438       0x34 ./Drivers/BSP/STM324x9I_DISCO/stm32f429i_discovery.o
                0x0000000008001438                IOE_Write
 .text.IOE_Read
                0x000000000800146c       0x3c ./Drivers/BSP/STM324x9I_DISCO/stm32f429i_discovery.o
                0x000000000800146c                IOE_Read
 .text.IOE_ReadMultiple
                0x00000000080014a8       0x30 ./Drivers/BSP/STM324x9I_DISCO/stm32f429i_discovery.o
                0x00000000080014a8                IOE_ReadMultiple
 .text.IOE_Delay
                0x00000000080014d8        0x4 ./Drivers/BSP/STM324x9I_DISCO/stm32f429i_discovery.o
                0x00000000080014d8                IOE_Delay
 .text.BSP_SDRAM_Initialization_sequence
                0x00000000080014dc       0x90 ./Drivers/BSP/STM324x9I_DISCO/stm32f429i_discovery_sdram.o
                0x00000000080014dc                BSP_SDRAM_Initialization_sequence
 .text.BSP_SDRAM_MspInit
                0x000000000800156c      0x190 ./Drivers/BSP/STM324x9I_DISCO/stm32f429i_discovery_sdram.o
                0x000000000800156c                BSP_SDRAM_MspInit
 .text.BSP_SDRAM_Init
                0x00000000080016fc       0x7c ./Drivers/BSP/STM324x9I_DISCO/stm32f429i_discovery_sdram.o
                0x00000000080016fc                BSP_SDRAM_Init
 .text.BSP_TS_Init
                0x0000000008001778       0x38 ./Drivers/BSP/STM324x9I_DISCO/stm32f429i_discovery_ts.o
                0x0000000008001778                BSP_TS_Init
 .text.BSP_TS_GetState
                0x00000000080017b0       0xb0 ./Drivers/BSP/STM324x9I_DISCO/stm32f429i_discovery_ts.o
                0x00000000080017b0                BSP_TS_GetState
 .text.SystemInit
                0x0000000008001860       0x4c ./Drivers/CMSIS/system_stm32f4xx.o
                0x0000000008001860                SystemInit
 .text.HAL_MspInit
                0x00000000080018ac        0x2 ./Drivers/STM32F4xx_HAL_Driver/stm32f4xx_hal.o
                0x00000000080018ac                HAL_MspInit
 *fill*         0x00000000080018ae        0x2 
 .text.HAL_InitTick
                0x00000000080018b0       0x44 ./Drivers/STM32F4xx_HAL_Driver/stm32f4xx_hal.o
                0x00000000080018b0                HAL_InitTick
 .text.HAL_Init
                0x00000000080018f4       0x34 ./Drivers/STM32F4xx_HAL_Driver/stm32f4xx_hal.o
                0x00000000080018f4                HAL_Init
 .text.HAL_IncTick
                0x0000000008001928       0x18 ./Drivers/STM32F4xx_HAL_Driver/stm32f4xx_hal.o
                0x0000000008001928                HAL_IncTick
 .text.HAL_GetTick
                0x0000000008001940        0xc ./Drivers/STM32F4xx_HAL_Driver/stm32f4xx_hal.o
                0x0000000008001940                HAL_GetTick
 .text.HAL_Delay
                0x000000000800194c       0x28 ./Drivers/STM32F4xx_HAL_Driver/stm32f4xx_hal.o
                0x000000000800194c                HAL_Delay
 .text.HAL_NVIC_SetPriorityGrouping
                0x0000000008001974       0x24 ./Drivers/STM32F4xx_HAL_Driver/stm32f4xx_hal_cortex.o
                0x0000000008001974                HAL_NVIC_SetPriorityGrouping
 .text.HAL_NVIC_SetPriority
                0x0000000008001998       0x64 ./Drivers/STM32F4xx_HAL_Driver/stm32f4xx_hal_cortex.o
                0x0000000008001998                HAL_NVIC_SetPriority
 .text.HAL_NVIC_EnableIRQ
                0x00000000080019fc       0x1c ./Drivers/STM32F4xx_HAL_Driver/stm32f4xx_hal_cortex.o
                0x00000000080019fc                HAL_NVIC_EnableIRQ
 .text.HAL_SYSTICK_Config
                0x0000000008001a18       0x28 ./Drivers/STM32F4xx_HAL_Driver/stm32f4xx_hal_cortex.o
                0x0000000008001a18                HAL_SYSTICK_Config
 .text.DMA_CalcBaseAndBitshift
                0x0000000008001a40       0x2c ./Drivers/STM32F4xx_HAL_Driver/stm32f4xx_hal_dma.o
 .text.HAL_DMA_Init
                0x0000000008001a6c      0x100 ./Drivers/STM32F4xx_HAL_Driver/stm32f4xx_hal_dma.o
                0x0000000008001a6c                HAL_DMA_Init
 .text.HAL_DMA_DeInit
                0x0000000008001b6c       0x54 ./Drivers/STM32F4xx_HAL_Driver/stm32f4xx_hal_dma.o
                0x0000000008001b6c                HAL_DMA_DeInit
 .text.HAL_DMA2D_Init
                0x0000000008001bc0       0x58 ./Drivers/STM32F4xx_HAL_Driver/stm32f4xx_hal_dma2d.o
                0x0000000008001bc0                HAL_DMA2D_Init
 .text.HAL_GPIO_Init
                0x0000000008001c18      0x1cc ./Drivers/STM32F4xx_HAL_Driver/stm32f4xx_hal_gpio.o
                0x0000000008001c18                HAL_GPIO_Init
 .text.HAL_GPIO_ReadPin
                0x0000000008001de4        0xc ./Drivers/STM32F4xx_HAL_Driver/stm32f4xx_hal_gpio.o
                0x0000000008001de4                HAL_GPIO_ReadPin
 .text.HAL_GPIO_WritePin
                0x0000000008001df0        0xa ./Drivers/STM32F4xx_HAL_Driver/stm32f4xx_hal_gpio.o
                0x0000000008001df0                HAL_GPIO_WritePin
 .text.HAL_GPIO_TogglePin
                0x0000000008001dfa       0x12 ./Drivers/STM32F4xx_HAL_Driver/stm32f4xx_hal_gpio.o
                0x0000000008001dfa                HAL_GPIO_TogglePin
 .text.HAL_GPIO_EXTI_IRQHandler
                0x0000000008001e0c       0x18 ./Drivers/STM32F4xx_HAL_Driver/stm32f4xx_hal_gpio.o
                0x0000000008001e0c                HAL_GPIO_EXTI_IRQHandler
 .text.I2C_IsAcknowledgeFailed
                0x0000000008001e24       0x34 ./Drivers/STM32F4xx_HAL_Driver/stm32f4xx_hal_i2c.o
 .text.I2C_WaitOnFlagUntilTimeout
                0x0000000008001e58       0x64 ./Drivers/STM32F4xx_HAL_Driver/stm32f4xx_hal_i2c.o
 .text.I2C_WaitOnMasterAddressFlagUntilTimeout
                0x0000000008001ebc       0x76 ./Drivers/STM32F4xx_HAL_Driver/stm32f4xx_hal_i2c.o
 .text.I2C_WaitOnRXNEFlagUntilTimeout
                0x0000000008001f32       0x5e ./Drivers/STM32F4xx_HAL_Driver/stm32f4xx_hal_i2c.o
 .text.I2C_WaitOnBTFFlagUntilTimeout
                0x0000000008001f90       0x4c ./Drivers/STM32F4xx_HAL_Driver/stm32f4xx_hal_i2c.o
 .text.I2C_WaitOnTXEFlagUntilTimeout
                0x0000000008001fdc       0x4c ./Drivers/STM32F4xx_HAL_Driver/stm32f4xx_hal_i2c.o
 .text.I2C_RequestMemoryWrite
                0x0000000008002028       0xb0 ./Drivers/STM32F4xx_HAL_Driver/stm32f4xx_hal_i2c.o
 .text.I2C_RequestMemoryRead
                0x00000000080020d8      0x104 ./Drivers/STM32F4xx_HAL_Driver/stm32f4xx_hal_i2c.o
 .text.HAL_I2C_MspInit
                0x00000000080021dc        0x2 ./Drivers/STM32F4xx_HAL_Driver/stm32f4xx_hal_i2c.o
                0x00000000080021dc                HAL_I2C_MspInit
 *fill*         0x00000000080021de        0x2 
 .text.HAL_I2C_Init
                0x00000000080021e0      0x150 ./Drivers/STM32F4xx_HAL_Driver/stm32f4xx_hal_i2c.o
                0x00000000080021e0                HAL_I2C_Init
 .text.HAL_I2C_MspDeInit
                0x0000000008002330        0x2 ./Drivers/STM32F4xx_HAL_Driver/stm32f4xx_hal_i2c.o
                0x0000000008002330                HAL_I2C_MspDeInit
 .text.HAL_I2C_DeInit
                0x0000000008002332       0x32 ./Drivers/STM32F4xx_HAL_Driver/stm32f4xx_hal_i2c.o
                0x0000000008002332                HAL_I2C_DeInit
 .text.HAL_I2C_Mem_Write
                0x0000000008002364      0x120 ./Drivers/STM32F4xx_HAL_Driver/stm32f4xx_hal_i2c.o
                0x0000000008002364                HAL_I2C_Mem_Write
 .text.HAL_I2C_Mem_Read
                0x0000000008002484      0x210 ./Drivers/STM32F4xx_HAL_Driver/stm32f4xx_hal_i2c.o
                0x0000000008002484                HAL_I2C_Mem_Read
 .text.HAL_I2C_GetState
                0x0000000008002694        0x6 ./Drivers/STM32F4xx_HAL_Driver/stm32f4xx_hal_i2c.o
                0x0000000008002694                HAL_I2C_GetState
 .text.LTDC_SetConfig
                0x000000000800269a      0x10c ./Drivers/STM32F4xx_HAL_Driver/stm32f4xx_hal_ltdc.o
 *fill*         0x00000000080027a6        0x2 
 .text.HAL_LTDC_Init
                0x00000000080027a8       0xd8 ./Drivers/STM32F4xx_HAL_Driver/stm32f4xx_hal_ltdc.o
                0x00000000080027a8                HAL_LTDC_Init
 .text.HAL_LTDC_DeInit
                0x0000000008002880       0x64 ./Drivers/STM32F4xx_HAL_Driver/stm32f4xx_hal_ltdc.o
                0x0000000008002880                HAL_LTDC_DeInit
 .text.HAL_LTDC_ErrorCallback
                0x00000000080028e4        0x2 ./Drivers/STM32F4xx_HAL_Driver/stm32f4xx_hal_ltdc.o
                0x00000000080028e4                HAL_LTDC_ErrorCallback
 .text.HAL_LTDC_ReloadEventCallback
                0x00000000080028e6        0x2 ./Drivers/STM32F4xx_HAL_Driver/stm32f4xx_hal_ltdc.o
                0x00000000080028e6                HAL_LTDC_ReloadEventCallback
 .text.HAL_LTDC_IRQHandler
                0x00000000080028e8       0xba ./Drivers/STM32F4xx_HAL_Driver/stm32f4xx_hal_ltdc.o
                0x00000000080028e8                HAL_LTDC_IRQHandler
 .text.HAL_LTDC_ConfigLayer
                0x00000000080029a2       0x5a ./Drivers/STM32F4xx_HAL_Driver/stm32f4xx_hal_ltdc.o
                0x00000000080029a2                HAL_LTDC_ConfigLayer
 .text.HAL_LTDC_ConfigColorKeying
                0x00000000080029fc       0x3a ./Drivers/STM32F4xx_HAL_Driver/stm32f4xx_hal_ltdc.o
                0x00000000080029fc                HAL_LTDC_ConfigColorKeying
 .text.HAL_LTDC_ConfigCLUT
                0x0000000008002a36       0x6e ./Drivers/STM32F4xx_HAL_Driver/stm32f4xx_hal_ltdc.o
                0x0000000008002a36                HAL_LTDC_ConfigCLUT
 .text.HAL_LTDC_EnableColorKeying
                0x0000000008002aa4       0x30 ./Drivers/STM32F4xx_HAL_Driver/stm32f4xx_hal_ltdc.o
                0x0000000008002aa4                HAL_LTDC_EnableColorKeying
 .text.HAL_LTDC_DisableColorKeying
                0x0000000008002ad4       0x30 ./Drivers/STM32F4xx_HAL_Driver/stm32f4xx_hal_ltdc.o
                0x0000000008002ad4                HAL_LTDC_DisableColorKeying
 .text.HAL_LTDC_EnableCLUT
                0x0000000008002b04       0x30 ./Drivers/STM32F4xx_HAL_Driver/stm32f4xx_hal_ltdc.o
                0x0000000008002b04                HAL_LTDC_EnableCLUT
 .text.HAL_LTDC_SetWindowPosition
                0x0000000008002b34       0x52 ./Drivers/STM32F4xx_HAL_Driver/stm32f4xx_hal_ltdc.o
                0x0000000008002b34                HAL_LTDC_SetWindowPosition
 .text.HAL_LTDC_SetAlpha
                0x0000000008002b86       0x40 ./Drivers/STM32F4xx_HAL_Driver/stm32f4xx_hal_ltdc.o
                0x0000000008002b86                HAL_LTDC_SetAlpha
 .text.HAL_LTDC_SetAddress
                0x0000000008002bc6       0x40 ./Drivers/STM32F4xx_HAL_Driver/stm32f4xx_hal_ltdc.o
                0x0000000008002bc6                HAL_LTDC_SetAddress
 *fill*         0x0000000008002c06        0x2 
 .text.HAL_LTDC_ProgramLineEvent
                0x0000000008002c08       0x3c ./Drivers/STM32F4xx_HAL_Driver/stm32f4xx_hal_ltdc.o
                0x0000000008002c08                HAL_LTDC_ProgramLineEvent
 .text.HAL_PWREx_EnableOverDrive
                0x0000000008002c44       0x74 ./Drivers/STM32F4xx_HAL_Driver/stm32f4xx_hal_pwr_ex.o
                0x0000000008002c44                HAL_PWREx_EnableOverDrive
 .text.HAL_RCC_OscConfig
                0x0000000008002cb8      0x360 ./Drivers/STM32F4xx_HAL_Driver/stm32f4xx_hal_rcc.o
                0x0000000008002cb8                HAL_RCC_OscConfig
 .text.HAL_RCC_GetSysClockFreq
                0x0000000008003018       0x5c ./Drivers/STM32F4xx_HAL_Driver/stm32f4xx_hal_rcc.o
                0x0000000008003018                HAL_RCC_GetSysClockFreq
 .text.HAL_RCC_ClockConfig
                0x0000000008003074      0x138 ./Drivers/STM32F4xx_HAL_Driver/stm32f4xx_hal_rcc.o
                0x0000000008003074                HAL_RCC_ClockConfig
 .text.HAL_RCC_GetPCLK1Freq
                0x00000000080031ac       0x20 ./Drivers/STM32F4xx_HAL_Driver/stm32f4xx_hal_rcc.o
                0x00000000080031ac                HAL_RCC_GetPCLK1Freq
 .text.HAL_RCCEx_PeriphCLKConfig
                0x00000000080031cc      0x254 ./Drivers/STM32F4xx_HAL_Driver/stm32f4xx_hal_rcc_ex.o
                0x00000000080031cc                HAL_RCCEx_PeriphCLKConfig
 .text.HAL_SDRAM_MspInit
                0x0000000008003420        0x2 ./Drivers/STM32F4xx_HAL_Driver/stm32f4xx_hal_sdram.o
                0x0000000008003420                HAL_SDRAM_MspInit
 .text.HAL_SDRAM_Init
                0x0000000008003422       0x40 ./Drivers/STM32F4xx_HAL_Driver/stm32f4xx_hal_sdram.o
                0x0000000008003422                HAL_SDRAM_Init
 .text.HAL_SDRAM_SendCommand
                0x0000000008003462       0x3c ./Drivers/STM32F4xx_HAL_Driver/stm32f4xx_hal_sdram.o
                0x0000000008003462                HAL_SDRAM_SendCommand
 .text.HAL_SDRAM_ProgramRefreshRate
                0x000000000800349e       0x30 ./Drivers/STM32F4xx_HAL_Driver/stm32f4xx_hal_sdram.o
                0x000000000800349e                HAL_SDRAM_ProgramRefreshRate
 *fill*         0x00000000080034ce        0x2 
 .text.SPI_WaitFlagStateUntilTimeout
                0x00000000080034d0       0xb8 ./Drivers/STM32F4xx_HAL_Driver/stm32f4xx_hal_spi.o
 .text.SPI_EndRxTxTransaction
                0x0000000008003588       0x5c ./Drivers/STM32F4xx_HAL_Driver/stm32f4xx_hal_spi.o
 .text.HAL_SPI_MspInit
                0x00000000080035e4        0x2 ./Drivers/STM32F4xx_HAL_Driver/stm32f4xx_hal_spi.o
                0x00000000080035e4                HAL_SPI_MspInit
 .text.HAL_SPI_Init
                0x00000000080035e6       0xc2 ./Drivers/STM32F4xx_HAL_Driver/stm32f4xx_hal_spi.o
                0x00000000080035e6                HAL_SPI_Init
 .text.HAL_SPI_MspDeInit
                0x00000000080036a8        0x2 ./Drivers/STM32F4xx_HAL_Driver/stm32f4xx_hal_spi.o
                0x00000000080036a8                HAL_SPI_MspDeInit
 .text.HAL_SPI_DeInit
                0x00000000080036aa       0x2c ./Drivers/STM32F4xx_HAL_Driver/stm32f4xx_hal_spi.o
                0x00000000080036aa                HAL_SPI_DeInit
 .text.HAL_SPI_Transmit
                0x00000000080036d6      0x18c ./Drivers/STM32F4xx_HAL_Driver/stm32f4xx_hal_spi.o
                0x00000000080036d6                HAL_SPI_Transmit
 .text.HAL_SPI_GetState
                0x0000000008003862        0x6 ./Drivers/STM32F4xx_HAL_Driver/stm32f4xx_hal_spi.o
                0x0000000008003862                HAL_SPI_GetState
 .text.HAL_TIM_Base_Start_IT
                0x0000000008003868       0x74 ./Drivers/STM32F4xx_HAL_Driver/stm32f4xx_hal_tim.o
                0x0000000008003868                HAL_TIM_Base_Start_IT
 .text.HAL_TIM_OC_DelayElapsedCallback
                0x00000000080038dc        0x2 ./Drivers/STM32F4xx_HAL_Driver/stm32f4xx_hal_tim.o
                0x00000000080038dc                HAL_TIM_OC_DelayElapsedCallback
 .text.HAL_TIM_IC_CaptureCallback
                0x00000000080038de        0x2 ./Drivers/STM32F4xx_HAL_Driver/stm32f4xx_hal_tim.o
                0x00000000080038de                HAL_TIM_IC_CaptureCallback
 .text.HAL_TIM_PWM_PulseFinishedCallback
                0x00000000080038e0        0x2 ./Drivers/STM32F4xx_HAL_Driver/stm32f4xx_hal_tim.o
                0x00000000080038e0                HAL_TIM_PWM_PulseFinishedCallback
 .text.HAL_TIM_TriggerCallback
                0x00000000080038e2        0x2 ./Drivers/STM32F4xx_HAL_Driver/stm32f4xx_hal_tim.o
                0x00000000080038e2                HAL_TIM_TriggerCallback
 .text.HAL_TIM_IRQHandler
                0x00000000080038e4      0x144 ./Drivers/STM32F4xx_HAL_Driver/stm32f4xx_hal_tim.o
                0x00000000080038e4                HAL_TIM_IRQHandler
 .text.TIM_Base_SetConfig
                0x0000000008003a28       0xcc ./Drivers/STM32F4xx_HAL_Driver/stm32f4xx_hal_tim.o
                0x0000000008003a28                TIM_Base_SetConfig
 .text.HAL_TIM_Base_Init
                0x0000000008003af4       0x58 ./Drivers/STM32F4xx_HAL_Driver/stm32f4xx_hal_tim.o
                0x0000000008003af4                HAL_TIM_Base_Init
 .text.HAL_TIMEx_CommutCallback
                0x0000000008003b4c        0x2 ./Drivers/STM32F4xx_HAL_Driver/stm32f4xx_hal_tim_ex.o
                0x0000000008003b4c                HAL_TIMEx_CommutCallback
 .text.HAL_TIMEx_BreakCallback
                0x0000000008003b4e        0x2 ./Drivers/STM32F4xx_HAL_Driver/stm32f4xx_hal_tim_ex.o
                0x0000000008003b4e                HAL_TIMEx_BreakCallback
 .text.FMC_SDRAM_Init
                0x0000000008003b50       0x76 ./Drivers/STM32F4xx_HAL_Driver/stm32f4xx_ll_fmc.o
                0x0000000008003b50                FMC_SDRAM_Init
 .text.FMC_SDRAM_Timing_Init
                0x0000000008003bc6       0x6c ./Drivers/STM32F4xx_HAL_Driver/stm32f4xx_ll_fmc.o
                0x0000000008003bc6                FMC_SDRAM_Timing_Init
 .text.FMC_SDRAM_SendCommand
                0x0000000008003c32       0x4c ./Drivers/STM32F4xx_HAL_Driver/stm32f4xx_ll_fmc.o
                0x0000000008003c32                FMC_SDRAM_SendCommand
 .text.FMC_SDRAM_ProgramRefreshRate
                0x0000000008003c7e       0x14 ./Drivers/STM32F4xx_HAL_Driver/stm32f4xx_ll_fmc.o
                0x0000000008003c7e                FMC_SDRAM_ProgramRefreshRate
 *fill*         0x0000000008003c92        0x2 
 .text.GUI_X_Config
                0x0000000008003c94       0x20 ./Middlewares/STemWin/Config/GUIConf.o
                0x0000000008003c94                GUI_X_Config
 .text.GUI_X_Init
                0x0000000008003cb4        0x2 ./Middlewares/STemWin/Config/GUI_X.o
                0x0000000008003cb4                GUI_X_Init
 *fill*         0x0000000008003cb6        0x2 
 .text.DMA2D_MixColors
                0x0000000008003cb8       0xa8 ./Middlewares/STemWin/Config/LCDConf_stm32f429i_disco_MB1075.o
 .text.DMA2D_ConvertColor
                0x0000000008003d60       0x74 ./Middlewares/STemWin/Config/LCDConf_stm32f429i_disco_MB1075.o
 .text._LCD_GetpPalConvTable
                0x0000000008003dd4       0x8c ./Middlewares/STemWin/Config/LCDConf_stm32f429i_disco_MB1075.o
 .text.DMA2D_MixColorsBulk
                0x0000000008003e60       0x80 ./Middlewares/STemWin/Config/LCDConf_stm32f429i_disco_MB1075.o
 .text.DMA2D_AlphaBlending
                0x0000000008003ee0       0x4c ./Middlewares/STemWin/Config/LCDConf_stm32f429i_disco_MB1075.o
 .text.DMA2D_Index2ColorBulk
                0x0000000008003f2c       0x34 ./Middlewares/STemWin/Config/LCDConf_stm32f429i_disco_MB1075.o
 .text.DMA2D_Color2IndexBulk
                0x0000000008003f60       0x34 ./Middlewares/STemWin/Config/LCDConf_stm32f429i_disco_MB1075.o
 .text.LCD_MixColorsBulk
                0x0000000008003f94       0x94 ./Middlewares/STemWin/Config/LCDConf_stm32f429i_disco_MB1075.o
 .text.DMA2D_DrawBitmapL8
                0x0000000008004028       0x74 ./Middlewares/STemWin/Config/LCDConf_stm32f429i_disco_MB1075.o
 .text.BSP_LCD_DrawBitmap16bpp
                0x000000000800409c       0xd0 ./Middlewares/STemWin/Config/LCDConf_stm32f429i_disco_MB1075.o
 .text.BSP_LCD_DrawBitmap8bpp
                0x000000000800416c       0xd0 ./Middlewares/STemWin/Config/LCDConf_stm32f429i_disco_MB1075.o
 .text.GetBufferSize
                0x000000000800423c       0x18 ./Middlewares/STemWin/Config/LCDConf_stm32f429i_disco_MB1075.o
 .text.DMA2D_LoadLUT
                0x0000000008004254       0x20 ./Middlewares/STemWin/Config/LCDConf_stm32f429i_disco_MB1075.o
 .text.InvertAlpha_SwapRB
                0x0000000008004274       0x2e ./Middlewares/STemWin/Config/LCDConf_stm32f429i_disco_MB1075.o
 .text.InvertAlpha
                0x00000000080042a2       0x18 ./Middlewares/STemWin/Config/LCDConf_stm32f429i_disco_MB1075.o
 *fill*         0x00000000080042ba        0x2 
 .text.DMA2D_AlphaBlendingBulk
                0x00000000080042bc       0x3c ./Middlewares/STemWin/Config/LCDConf_stm32f429i_disco_MB1075.o
 .text.LCD_LL_GetPixelformat.part.0
                0x00000000080042f8       0x7c ./Middlewares/STemWin/Config/LCDConf_stm32f429i_disco_MB1075.o
 .text.LCD_LL_GetPixelformat
                0x0000000008004374        0xa ./Middlewares/STemWin/Config/LCDConf_stm32f429i_disco_MB1075.o
 *fill*         0x000000000800437e        0x2 
 .text.DMA2D_CopyBuffer
                0x0000000008004380       0x40 ./Middlewares/STemWin/Config/LCDConf_stm32f429i_disco_MB1075.o
 .text.CUSTOM_CopyBuffer
                0x00000000080043c0       0x3c ./Middlewares/STemWin/Config/LCDConf_stm32f429i_disco_MB1075.o
 .text.CUSTOM_CopyRect
                0x00000000080043fc       0x44 ./Middlewares/STemWin/Config/LCDConf_stm32f429i_disco_MB1075.o
 .text.CUSTOM_FillRect
                0x0000000008004440       0xc0 ./Middlewares/STemWin/Config/LCDConf_stm32f429i_disco_MB1075.o
 .text.HAL_DMA2D_MspInit
                0x0000000008004500       0x24 ./Middlewares/STemWin/Config/LCDConf_stm32f429i_disco_MB1075.o
                0x0000000008004500                HAL_DMA2D_MspInit
 .text.HAL_LTDC_MspInit
                0x0000000008004524      0x144 ./Middlewares/STemWin/Config/LCDConf_stm32f429i_disco_MB1075.o
                0x0000000008004524                HAL_LTDC_MspInit
 .text.HAL_LTDC_MspDeInit
                0x0000000008004668       0x18 ./Middlewares/STemWin/Config/LCDConf_stm32f429i_disco_MB1075.o
                0x0000000008004668                HAL_LTDC_MspDeInit
 .text.HAL_LTDC_LineEventCallback
                0x0000000008004680       0x4c ./Middlewares/STemWin/Config/LCDConf_stm32f429i_disco_MB1075.o
                0x0000000008004680                HAL_LTDC_LineEventCallback
 .text.LCD_X_Config
                0x00000000080046cc      0x1f0 ./Middlewares/STemWin/Config/LCDConf_stm32f429i_disco_MB1075.o
                0x00000000080046cc                LCD_X_Config
 .text.LCD_X_DisplayDriver
                0x00000000080048bc      0x1b4 ./Middlewares/STemWin/Config/LCDConf_stm32f429i_disco_MB1075.o
                0x00000000080048bc                LCD_X_DisplayDriver
 .text.Index2ColorBulk_M8888IDMA2D
                0x0000000008004a70        0xe ./Middlewares/STemWin/Config/LCDConf_stm32f429i_disco_MB1075.o
 .text.Index2ColorBulk_M888DMA2D
                0x0000000008004a7e        0x4 ./Middlewares/STemWin/Config/LCDConf_stm32f429i_disco_MB1075.o
 .text.Index2ColorBulk_M4444IDMA2D
                0x0000000008004a82        0xe ./Middlewares/STemWin/Config/LCDConf_stm32f429i_disco_MB1075.o
 .text.Index2ColorBulk_M565DMA2D
                0x0000000008004a90        0xe ./Middlewares/STemWin/Config/LCDConf_stm32f429i_disco_MB1075.o
 .text.Index2ColorBulk_M1555IDMA2D
                0x0000000008004a9e        0xe ./Middlewares/STemWin/Config/LCDConf_stm32f429i_disco_MB1075.o
 .text.Color2IndexBulk_M8888IDMA2D
                0x0000000008004aac        0xe ./Middlewares/STemWin/Config/LCDConf_stm32f429i_disco_MB1075.o
 .text.Color2IndexBulk_M888DMA2D
                0x0000000008004aba        0x4 ./Middlewares/STemWin/Config/LCDConf_stm32f429i_disco_MB1075.o
 .text.Color2IndexBulk_M4444IDMA2D
                0x0000000008004abe        0xe ./Middlewares/STemWin/Config/LCDConf_stm32f429i_disco_MB1075.o
 .text.Color2IndexBulk_M565DMA2D
                0x0000000008004acc        0xe ./Middlewares/STemWin/Config/LCDConf_stm32f429i_disco_MB1075.o
 .text.Color2IndexBulk_M1555IDMA2D
                0x0000000008004ada        0xe ./Middlewares/STemWin/Config/LCDConf_stm32f429i_disco_MB1075.o
 .text._Color2Index_1616I
                0x0000000008004ae8       0x28 ../../../Middlewares/ST/STemWin/Lib/STemWin_CM4_wc32.a(GUICC_1616I.o)
 .text._Index2Color_1616I
                0x0000000008004b10       0x24 ../../../Middlewares/ST/STemWin/Lib/STemWin_CM4_wc32.a(GUICC_1616I.o)
 .text._GetIndexMask_1616I
                0x0000000008004b34        0x4 ../../../Middlewares/ST/STemWin/Lib/STemWin_CM4_wc32.a(GUICC_1616I.o)
 .text._Color2IndexBulk_1616I
                0x0000000008004b38       0x44 ../../../Middlewares/ST/STemWin/Lib/STemWin_CM4_wc32.a(GUICC_1616I.o)
 .text._Index2ColorBulk_1616I
                0x0000000008004b7c       0x50 ../../../Middlewares/ST/STemWin/Lib/STemWin_CM4_wc32.a(GUICC_1616I.o)
 .text.LCD_Color2Index_8666
                0x0000000008004bcc       0x58 ../../../Middlewares/ST/STemWin/Lib/STemWin_CM4_wc32.a(GUICC_8666.o)
                0x0000000008004bcc                LCD_Color2Index_8666
 .text._GetIndexMask_8666
                0x0000000008004c24        0x4 ../../../Middlewares/ST/STemWin/Lib/STemWin_CM4_wc32.a(GUICC_8666.o)
 .text.LCD_Index2Color_8666
                0x0000000008004c28       0x54 ../../../Middlewares/ST/STemWin/Lib/STemWin_CM4_wc32.a(GUICC_8666.o)
                0x0000000008004c28                LCD_Index2Color_8666
 .text._Color2Index_88666I
                0x0000000008004c7c       0x20 ../../../Middlewares/ST/STemWin/Lib/STemWin_CM4_wc32.a(GUICC_88666I.o)
 .text._Index2Color_88666I
                0x0000000008004c9c       0x1c ../../../Middlewares/ST/STemWin/Lib/STemWin_CM4_wc32.a(GUICC_88666I.o)
 .text._GetIndexMask_88666I
                0x0000000008004cb8        0x6 ../../../Middlewares/ST/STemWin/Lib/STemWin_CM4_wc32.a(GUICC_88666I.o)
 *fill*         0x0000000008004cbe        0x2 
 .text._Color2IndexBulk_88666I
                0x0000000008004cc0       0x34 ../../../Middlewares/ST/STemWin/Lib/STemWin_CM4_wc32.a(GUICC_88666I.o)
 .text._Index2ColorBulk_88666I
                0x0000000008004cf4       0x44 ../../../Middlewares/ST/STemWin/Lib/STemWin_CM4_wc32.a(GUICC_88666I.o)
 .text._Color2Index_M1555I
                0x0000000008004d38       0x2c ../../../Middlewares/ST/STemWin/Lib/STemWin_CM4_wc32.a(GUICC_M1555I.o)
 .text._Index2Color_M1555I
                0x0000000008004d64       0x34 ../../../Middlewares/ST/STemWin/Lib/STemWin_CM4_wc32.a(GUICC_M1555I.o)
 .text._GetIndexMask_M1555I
                0x0000000008004d98        0x6 ../../../Middlewares/ST/STemWin/Lib/STemWin_CM4_wc32.a(GUICC_M1555I.o)
 *fill*         0x0000000008004d9e        0x2 
 .text._Color2IndexBulk_M1555I
                0x0000000008004da0       0x58 ../../../Middlewares/ST/STemWin/Lib/STemWin_CM4_wc32.a(GUICC_M1555I.o)
 .text._Index2ColorBulk_M1555I
                0x0000000008004df8       0x6c ../../../Middlewares/ST/STemWin/Lib/STemWin_CM4_wc32.a(GUICC_M1555I.o)
 .text.GUICC_M1555I_SetCustColorConv
                0x0000000008004e64        0xc ../../../Middlewares/ST/STemWin/Lib/STemWin_CM4_wc32.a(GUICC_M1555I.o)
                0x0000000008004e64                GUICC_M1555I_SetCustColorConv
 .text._Color2Index_M4444I
                0x0000000008004e70       0x3a ../../../Middlewares/ST/STemWin/Lib/STemWin_CM4_wc32.a(GUICC_M4444I.o)
 *fill*         0x0000000008004eaa        0x2 
 .text._Index2Color_M4444I
                0x0000000008004eac       0x30 ../../../Middlewares/ST/STemWin/Lib/STemWin_CM4_wc32.a(GUICC_M4444I.o)
 .text._GetIndexMask_M4444I
                0x0000000008004edc        0x6 ../../../Middlewares/ST/STemWin/Lib/STemWin_CM4_wc32.a(GUICC_M4444I.o)
 *fill*         0x0000000008004ee2        0x2 
 .text._Color2IndexBulk_M4444I
                0x0000000008004ee4       0x6c ../../../Middlewares/ST/STemWin/Lib/STemWin_CM4_wc32.a(GUICC_M4444I.o)
 .text._Index2ColorBulk_M4444I
                0x0000000008004f50       0x68 ../../../Middlewares/ST/STemWin/Lib/STemWin_CM4_wc32.a(GUICC_M4444I.o)
 .text.GUICC_M4444I_SetCustColorConv
                0x0000000008004fb8        0xc ../../../Middlewares/ST/STemWin/Lib/STemWin_CM4_wc32.a(GUICC_M4444I.o)
                0x0000000008004fb8                GUICC_M4444I_SetCustColorConv
 .text._Color2Index_M8888I
                0x0000000008004fc4       0x1c ../../../Middlewares/ST/STemWin/Lib/STemWin_CM4_wc32.a(GUICC_M8888I.o)
 .text._GetIndexMask_M8888I
                0x0000000008004fe0        0x6 ../../../Middlewares/ST/STemWin/Lib/STemWin_CM4_wc32.a(GUICC_M8888I.o)
 *fill*         0x0000000008004fe6        0x2 
 .text._Color2IndexBulk_M8888I
                0x0000000008004fe8       0x4c ../../../Middlewares/ST/STemWin/Lib/STemWin_CM4_wc32.a(GUICC_M8888I.o)
 .text._Index2ColorBulk_M8888I
                0x0000000008005034       0x4c ../../../Middlewares/ST/STemWin/Lib/STemWin_CM4_wc32.a(GUICC_M8888I.o)
 .text.GUICC_M8888I_SetCustColorConv
                0x0000000008005080        0xc ../../../Middlewares/ST/STemWin/Lib/STemWin_CM4_wc32.a(GUICC_M8888I.o)
                0x0000000008005080                GUICC_M8888I_SetCustColorConv
 .text.LCD_Index2Color_M565
                0x000000000800508c       0x28 ../../../Middlewares/ST/STemWin/Lib/STemWin_CM4_wc32.a(GUICC_M565.o)
                0x000000000800508c                LCD_Index2Color_M565
 .text._Color2Index_M565
                0x00000000080050b4       0x28 ../../../Middlewares/ST/STemWin/Lib/STemWin_CM4_wc32.a(GUICC_M565.o)
 .text._GetIndexMask_M565
                0x00000000080050dc        0x6 ../../../Middlewares/ST/STemWin/Lib/STemWin_CM4_wc32.a(GUICC_M565.o)
 *fill*         0x00000000080050e2        0x2 
 .text._Color2IndexBulk
                0x00000000080050e4       0x5c ../../../Middlewares/ST/STemWin/Lib/STemWin_CM4_wc32.a(GUICC_M565.o)
 .text._Index2ColorBulk
                0x0000000008005140       0x64 ../../../Middlewares/ST/STemWin/Lib/STemWin_CM4_wc32.a(GUICC_M565.o)
 .text.GUICC_M565_SetCustColorConv
                0x00000000080051a4        0xc ../../../Middlewares/ST/STemWin/Lib/STemWin_CM4_wc32.a(GUICC_M565.o)
                0x00000000080051a4                GUICC_M565_SetCustColorConv
 .text._Color2Index_M888
                0x00000000080051b0       0x14 ../../../Middlewares/ST/STemWin/Lib/STemWin_CM4_wc32.a(GUICC_M888.o)
 .text._GetIndexMask_M888
                0x00000000080051c4        0x6 ../../../Middlewares/ST/STemWin/Lib/STemWin_CM4_wc32.a(GUICC_M888.o)
 *fill*         0x00000000080051ca        0x2 
 .text._Color2IndexBulk
                0x00000000080051cc       0x44 ../../../Middlewares/ST/STemWin/Lib/STemWin_CM4_wc32.a(GUICC_M888.o)
 .text._Index2ColorBulk
                0x0000000008005210       0x44 ../../../Middlewares/ST/STemWin/Lib/STemWin_CM4_wc32.a(GUICC_M888.o)
 .text.GUICC_M888_SetCustColorConv
                0x0000000008005254        0xc ../../../Middlewares/ST/STemWin/Lib/STemWin_CM4_wc32.a(GUICC_M888.o)
                0x0000000008005254                GUICC_M888_SetCustColorConv
 .text.LCD_Index2Color_M8888I
                0x0000000008005260       0x1c ../../../Middlewares/ST/STemWin/Lib/STemWin_CM4_wc32.a(GUICC_M8888I_Index2Color.o)
                0x0000000008005260                LCD_Index2Color_M8888I
 .text.LCD_Index2Color_M888
                0x000000000800527c       0x14 ../../../Middlewares/ST/STemWin/Lib/STemWin_CM4_wc32.a(GUICC_M888_Index2Color.o)
                0x000000000800527c                LCD_Index2Color_M888
 .text._PushFreeBlock
                0x0000000008005290       0x24 ../../../Middlewares/ST/STemWin/Lib/STemWin_CM4_wc32.a(GUI_Alloc.o)
 .text._RemoveFreeBlock
                0x00000000080052b4       0x40 ../../../Middlewares/ST/STemWin/Lib/STemWin_CM4_wc32.a(GUI_Alloc.o)
 .text._AddFreeMemory
                0x00000000080052f4       0xa4 ../../../Middlewares/ST/STemWin/Lib/STemWin_CM4_wc32.a(GUI_Alloc.o)
 .text._RemoveHoles
                0x0000000008005398       0x9c ../../../Middlewares/ST/STemWin/Lib/STemWin_CM4_wc32.a(GUI_Alloc.o)
 .text.GUI_ALLOC_FreeFixedBlock
                0x0000000008005434       0x14 ../../../Middlewares/ST/STemWin/Lib/STemWin_CM4_wc32.a(GUI_Alloc.o)
                0x0000000008005434                GUI_ALLOC_FreeFixedBlock
 .text.GUI_ALLOC_h2p
                0x0000000008005448       0x14 ../../../Middlewares/ST/STemWin/Lib/STemWin_CM4_wc32.a(GUI_Alloc.o)
                0x0000000008005448                GUI_ALLOC_h2p
 .text.GUI_ALLOC_LockH
                0x000000000800545c       0x1c ../../../Middlewares/ST/STemWin/Lib/STemWin_CM4_wc32.a(GUI_Alloc.o)
                0x000000000800545c                GUI_ALLOC_LockH
 .text.GUI_ALLOC_UnlockH
                0x0000000008005478       0x30 ../../../Middlewares/ST/STemWin/Lib/STemWin_CM4_wc32.a(GUI_Alloc.o)
                0x0000000008005478                GUI_ALLOC_UnlockH
 .text.GUI_ALLOC_AssignMemory
                0x00000000080054a8       0x10 ../../../Middlewares/ST/STemWin/Lib/STemWin_CM4_wc32.a(GUI_Alloc.o)
                0x00000000080054a8                GUI_ALLOC_AssignMemory
 .text.GUI_ALLOC_Free
                0x00000000080054b8       0x28 ../../../Middlewares/ST/STemWin/Lib/STemWin_CM4_wc32.a(GUI_Alloc.o)
                0x00000000080054b8                GUI_ALLOC_Free
 .text._EnlargeBlocks
                0x00000000080054e0       0x9c ../../../Middlewares/ST/STemWin/Lib/STemWin_CM4_wc32.a(GUI_Alloc.o)
 .text._InitOnce
                0x000000000800557c       0x68 ../../../Middlewares/ST/STemWin/Lib/STemWin_CM4_wc32.a(GUI_Alloc.o)
 .text.GUI_ALLOC_GetFixedBlock
                0x00000000080055e4       0xa4 ../../../Middlewares/ST/STemWin/Lib/STemWin_CM4_wc32.a(GUI_Alloc.o)
                0x00000000080055e4                GUI_ALLOC_GetFixedBlock
 .text.GUI_ALLOC_GetMaxSize
                0x0000000008005688       0x3c ../../../Middlewares/ST/STemWin/Lib/STemWin_CM4_wc32.a(GUI_Alloc.o)
                0x0000000008005688                GUI_ALLOC_GetMaxSize
 .text._Alloc   0x00000000080056c4       0xf0 ../../../Middlewares/ST/STemWin/Lib/STemWin_CM4_wc32.a(GUI_Alloc.o)
 .text.GUI_ALLOC_AllocNoInit
                0x00000000080057b4        0x8 ../../../Middlewares/ST/STemWin/Lib/STemWin_CM4_wc32.a(GUI_Alloc.o)
                0x00000000080057b4                GUI_ALLOC_AllocNoInit
 .text.GUI_ALLOC_AllocZero
                0x00000000080057bc       0x30 ../../../Middlewares/ST/STemWin/Lib/STemWin_CM4_wc32.a(GUI_Alloc.o)
                0x00000000080057bc                GUI_ALLOC_AllocZero
 .text.GUI_CalcColorDist
                0x00000000080057ec       0x4a ../../../Middlewares/ST/STemWin/Lib/STemWin_CM4_wc32.a(GUI_Common.o)
                0x00000000080057ec                GUI_CalcColorDist
 .text.GUI_GetBkColor
                0x0000000008005836        0xe ../../../Middlewares/ST/STemWin/Lib/STemWin_CM4_wc32.a(GUI_Common.o)
                0x0000000008005836                GUI_GetBkColor
 .text.GUI_GetColor
                0x0000000008005844        0xe ../../../Middlewares/ST/STemWin/Lib/STemWin_CM4_wc32.a(GUI_Common.o)
                0x0000000008005844                GUI_GetColor
 *fill*         0x0000000008005852        0x2 
 .text.GUI_GetDrawMode
                0x0000000008005854        0xc ../../../Middlewares/ST/STemWin/Lib/STemWin_CM4_wc32.a(GUI_Common.o)
                0x0000000008005854                GUI_GetDrawMode
 .text.GUI_GetVersionString
                0x0000000008005860       0x18 ../../../Middlewares/ST/STemWin/Lib/STemWin_CM4_wc32.a(GUI_Common.o)
                0x0000000008005860                GUI_GetVersionString
 .text.GUI_MergeRect
                0x0000000008005878       0x56 ../../../Middlewares/ST/STemWin/Lib/STemWin_CM4_wc32.a(GUI_Common.o)
                0x0000000008005878                GUI_MergeRect
 .text.GUI_MoveRect
                0x00000000080058ce       0x20 ../../../Middlewares/ST/STemWin/Lib/STemWin_CM4_wc32.a(GUI_Common.o)
                0x00000000080058ce                GUI_MoveRect
 .text.GUI_GetBitmapPixelIndexEx
                0x00000000080058ee       0x88 ../../../Middlewares/ST/STemWin/Lib/STemWin_CM4_wc32.a(GUI_Common.o)
                0x00000000080058ee                GUI_GetBitmapPixelIndexEx
 .text.GUI_GetBitmapPixelIndex
                0x0000000008005976       0x18 ../../../Middlewares/ST/STemWin/Lib/STemWin_CM4_wc32.a(GUI_Common.o)
                0x0000000008005976                GUI_GetBitmapPixelIndex
 *fill*         0x000000000800598e        0x2 
 .text.GUI_GotoXY
                0x0000000008005990       0x10 ../../../Middlewares/ST/STemWin/Lib/STemWin_CM4_wc32.a(GUI_Common.o)
                0x0000000008005990                GUI_GotoXY
 .text.GUI_RectsIntersect
                0x00000000080059a0       0x3a ../../../Middlewares/ST/STemWin/Lib/STemWin_CM4_wc32.a(GUI_Common.o)
                0x00000000080059a0                GUI_RectsIntersect
 .text.GUI_SelectLCD
                0x00000000080059da       0x12 ../../../Middlewares/ST/STemWin/Lib/STemWin_CM4_wc32.a(GUI_Common.o)
                0x00000000080059da                GUI_SelectLCD
 .text.GUI_SetBkColor
                0x00000000080059ec        0x4 ../../../Middlewares/ST/STemWin/Lib/STemWin_CM4_wc32.a(GUI_Common.o)
                0x00000000080059ec                GUI_SetBkColor
 .text.GUI_SetColor
                0x00000000080059f0        0x4 ../../../Middlewares/ST/STemWin/Lib/STemWin_CM4_wc32.a(GUI_Common.o)
                0x00000000080059f0                GUI_SetColor
 .text.GUI_SetFont
                0x00000000080059f4       0x14 ../../../Middlewares/ST/STemWin/Lib/STemWin_CM4_wc32.a(GUI_Common.o)
                0x00000000080059f4                GUI_SetFont
 .text.GUI_SetOrg
                0x0000000008005a08       0x38 ../../../Middlewares/ST/STemWin/Lib/STemWin_CM4_wc32.a(GUI_Common.o)
                0x0000000008005a08                GUI_SetOrg
 .text._InitContext
                0x0000000008005a40       0x84 ../../../Middlewares/ST/STemWin/Lib/STemWin_CM4_wc32.a(GUI_Core.o)
 .text._OnExit  0x0000000008005ac4       0x48 ../../../Middlewares/ST/STemWin/Lib/STemWin_CM4_wc32.a(GUI_Core.o)
 .text.GUI_SetFuncGetpPalConvTable
                0x0000000008005b0c        0xc ../../../Middlewares/ST/STemWin/Lib/STemWin_CM4_wc32.a(GUI_Core.o)
                0x0000000008005b0c                GUI_SetFuncGetpPalConvTable
 .text.GUI_SetDefaultFont
                0x0000000008005b18        0xc ../../../Middlewares/ST/STemWin/Lib/STemWin_CM4_wc32.a(GUI_Core.o)
                0x0000000008005b18                GUI_SetDefaultFont
 .text.GUI_ClearRect
                0x0000000008005b24       0x64 ../../../Middlewares/ST/STemWin/Lib/STemWin_CM4_wc32.a(GUI_Core.o)
                0x0000000008005b24                GUI_ClearRect
 .text.GUI_Clear
                0x0000000008005b88       0x20 ../../../Middlewares/ST/STemWin/Lib/STemWin_CM4_wc32.a(GUI_Core.o)
                0x0000000008005b88                GUI_Clear
 .text.GUI__Config
                0x0000000008005ba8       0x94 ../../../Middlewares/ST/STemWin/Lib/STemWin_CM4_wc32.a(GUI_Core.o)
                0x0000000008005ba8                GUI__Config
 .text.GUI_Init
                0x0000000008005c3c       0xf8 ../../../Middlewares/ST/STemWin/Lib/STemWin_CM4_wc32.a(GUI_Core.o)
                0x0000000008005c3c                GUI_Init
 .text.GUI__RegisterExit
                0x0000000008005d34       0x28 ../../../Middlewares/ST/STemWin/Lib/STemWin_CM4_wc32.a(GUI_Core.o)
                0x0000000008005d34                GUI__RegisterExit
 .text.GUI_DEVICE__GetpDriver
                0x0000000008005d5c       0x20 ../../../Middlewares/ST/STemWin/Lib/STemWin_CM4_wc32.a(GUI_Device.o)
                0x0000000008005d5c                GUI_DEVICE__GetpDriver
 .text.GUI_DEVICE_Delete
                0x0000000008005d7c        0x4 ../../../Middlewares/ST/STemWin/Lib/STemWin_CM4_wc32.a(GUI_Device.o)
                0x0000000008005d7c                GUI_DEVICE_Delete
 .text.GUI_DEVICE_Create
                0x0000000008005d80       0x4c ../../../Middlewares/ST/STemWin/Lib/STemWin_CM4_wc32.a(GUI_Device.o)
                0x0000000008005d80                GUI_DEVICE_Create
 .text.GUI_DEVICE_Unlink
                0x0000000008005dcc       0x30 ../../../Middlewares/ST/STemWin/Lib/STemWin_CM4_wc32.a(GUI_Device.o)
                0x0000000008005dcc                GUI_DEVICE_Unlink
 .text.GUI_DEVICE_Link
                0x0000000008005dfc       0x84 ../../../Middlewares/ST/STemWin/Lib/STemWin_CM4_wc32.a(GUI_Device.o)
                0x0000000008005dfc                GUI_DEVICE_Link
 .text.GUI_DEVICE_CreateAndLink
                0x0000000008005e80       0x28 ../../../Middlewares/ST/STemWin/Lib/STemWin_CM4_wc32.a(GUI_Device.o)
                0x0000000008005e80                GUI_DEVICE_CreateAndLink
 .text.GUI_DispString
                0x0000000008005ea8      0x118 ../../../Middlewares/ST/STemWin/Lib/STemWin_CM4_wc32.a(GUI_DispString.o)
                0x0000000008005ea8                GUI_DispString
 .text.GUI_DispStringAt
                0x0000000008005fc0       0x10 ../../../Middlewares/ST/STemWin/Lib/STemWin_CM4_wc32.a(GUI_DispString.o)
                0x0000000008005fc0                GUI_DispStringAt
 .text.GUI_MULTIBUF_ConfirmEx
                0x0000000008005fd0       0x28 ../../../Middlewares/ST/STemWin/Lib/STemWin_CM4_wc32.a(GUI_MULTIBUF.o)
                0x0000000008005fd0                GUI_MULTIBUF_ConfirmEx
 .text.GUI_StoreKey
                0x0000000008005ff8       0x10 ../../../Middlewares/ST/STemWin/Lib/STemWin_CM4_wc32.a(GUI_OnKey.o)
                0x0000000008005ff8                GUI_StoreKey
 .text.GUI_GetCursorLayer
                0x0000000008006008       0x14 ../../../Middlewares/ST/STemWin/Lib/STemWin_CM4_wc32.a(GUI_SelectLayer.o)
                0x0000000008006008                GUI_GetCursorLayer
 .text.GUI_GetLayerPosEx
                0x000000000800601c       0x14 ../../../Middlewares/ST/STemWin/Lib/STemWin_CM4_wc32.a(GUI_SelectLayer.o)
                0x000000000800601c                GUI_GetLayerPosEx
 .text.GUI_SelectLayer
                0x0000000008006030       0x2c ../../../Middlewares/ST/STemWin/Lib/STemWin_CM4_wc32.a(GUI_SelectLayer.o)
                0x0000000008006030                GUI_SelectLayer
 .text.GUI_SetLayerPosEx
                0x000000000800605c        0x4 ../../../Middlewares/ST/STemWin/Lib/STemWin_CM4_wc32.a(GUI_SelectLayer.o)
                0x000000000800605c                GUI_SetLayerPosEx
 .text.GUI_TOUCH_StoreStateEx
                0x0000000008006060       0x50 ../../../Middlewares/ST/STemWin/Lib/STemWin_CM4_wc32.a(GUI_TOUCH.o)
                0x0000000008006060                GUI_TOUCH_StoreStateEx
 .text.GUI_UC__GetCharCodeInc
                0x00000000080060b0       0x28 ../../../Middlewares/ST/STemWin/Lib/STemWin_CM4_wc32.a(GUI_UC.o)
                0x00000000080060b0                GUI_UC__GetCharCodeInc
 .text.GUI_UC__NumChars2NumBytes
                0x00000000080060d8       0x24 ../../../Middlewares/ST/STemWin/Lib/STemWin_CM4_wc32.a(GUI_UC.o)
                0x00000000080060d8                GUI_UC__NumChars2NumBytes
 .text._GetCharCode
                0x00000000080060fc        0x4 ../../../Middlewares/ST/STemWin/Lib/STemWin_CM4_wc32.a(GUI_UC_EncodeNone.o)
 .text._GetCharSize
                0x0000000008006100        0x4 ../../../Middlewares/ST/STemWin/Lib/STemWin_CM4_wc32.a(GUI_UC_EncodeNone.o)
 .text._CalcSizeOfChar
                0x0000000008006104        0x4 ../../../Middlewares/ST/STemWin/Lib/STemWin_CM4_wc32.a(GUI_UC_EncodeNone.o)
 .text._Encode  0x0000000008006108        0x6 ../../../Middlewares/ST/STemWin/Lib/STemWin_CM4_wc32.a(GUI_UC_EncodeNone.o)
 *fill*         0x000000000800610e        0x2 
 .text.GUI_SignalEvent
                0x0000000008006110       0x10 ../../../Middlewares/ST/STemWin/Lib/STemWin_CM4_wc32.a(GUI_WaitEvent.o)
                0x0000000008006110                GUI_SignalEvent
 .text.GUI__MixColorsBulk
                0x0000000008006120       0x88 ../../../Middlewares/ST/STemWin/Lib/STemWin_CM4_wc32.a(GUI__Alpha.o)
                0x0000000008006120                GUI__MixColorsBulk
 .text.GUI__MixColors
                0x00000000080061a8       0x56 ../../../Middlewares/ST/STemWin/Lib/STemWin_CM4_wc32.a(GUI__Alpha.o)
                0x00000000080061a8                GUI__MixColors
 *fill*         0x00000000080061fe        0x2 
 .text._OnExit  0x0000000008006200       0x28 ../../../Middlewares/ST/STemWin/Lib/STemWin_CM4_wc32.a(GUI__Alpha.o)
 .text.GUI__GetAlphaBuffer
                0x0000000008006228       0xb8 ../../../Middlewares/ST/STemWin/Lib/STemWin_CM4_wc32.a(GUI__Alpha.o)
                0x0000000008006228                GUI__GetAlphaBuffer
 .text.GUI__DoAlphaBlending
                0x00000000080062e0      0x1d4 ../../../Middlewares/ST/STemWin/Lib/STemWin_CM4_wc32.a(GUI__Alpha.o)
                0x00000000080062e0                GUI__DoAlphaBlending
 .text.GUI__AllocAlphaBuffer
                0x00000000080064b4       0x1a ../../../Middlewares/ST/STemWin/Lib/STemWin_CM4_wc32.a(GUI__Alpha.o)
                0x00000000080064b4                GUI__AllocAlphaBuffer
 *fill*         0x00000000080064ce        0x2 
 .text.GUI_SetFuncAlphaBlending
                0x00000000080064d0       0x10 ../../../Middlewares/ST/STemWin/Lib/STemWin_CM4_wc32.a(GUI__Alpha.o)
                0x00000000080064d0                GUI_SetFuncAlphaBlending
 .text.GUI_SetFuncMixColors
                0x00000000080064e0       0x10 ../../../Middlewares/ST/STemWin/Lib/STemWin_CM4_wc32.a(GUI__Alpha.o)
                0x00000000080064e0                GUI_SetFuncMixColors
 .text.GUI_SetFuncMixColorsBulk
                0x00000000080064f0       0x10 ../../../Middlewares/ST/STemWin/Lib/STemWin_CM4_wc32.a(GUI__Alpha.o)
                0x00000000080064f0                GUI_SetFuncMixColorsBulk
 .text.GUI__ExpandPixelIndicesEx
                0x0000000008006500      0x17c ../../../Middlewares/ST/STemWin/Lib/STemWin_CM4_wc32.a(GUI__ExpandPixelIndices.o)
                0x0000000008006500                GUI__ExpandPixelIndicesEx
 .text.GUI__IntersectRect
                0x000000000800667c       0x3a ../../../Middlewares/ST/STemWin/Lib/STemWin_CM4_wc32.a(GUI__Private.o)
                0x000000000800667c                GUI__IntersectRect
 .text.GUI__IntersectRects
                0x00000000080066b6       0x56 ../../../Middlewares/ST/STemWin/Lib/STemWin_CM4_wc32.a(GUI__Private.o)
                0x00000000080066b6                GUI__IntersectRects
 .text.GUI__memset
                0x000000000800670c       0x5e ../../../Middlewares/ST/STemWin/Lib/STemWin_CM4_wc32.a(GUI__Private.o)
                0x000000000800670c                GUI__memset
 *fill*         0x000000000800676a        0x2 
 .text._SetDrawMode
                0x000000000800676c       0x28 ../../../Middlewares/ST/STemWin/Lib/STemWin_CM4_wc32.a(LCD.o)
 .text.LCD_SetDrawMode
                0x0000000008006794        0xc ../../../Middlewares/ST/STemWin/Lib/STemWin_CM4_wc32.a(LCD.o)
                0x0000000008006794                LCD_SetDrawMode
 .text.LCD_DrawPixel
                0x00000000080067a0       0x60 ../../../Middlewares/ST/STemWin/Lib/STemWin_CM4_wc32.a(LCD.o)
                0x00000000080067a0                LCD_DrawPixel
 .text.LCD_DrawHLine
                0x0000000008006800       0x50 ../../../Middlewares/ST/STemWin/Lib/STemWin_CM4_wc32.a(LCD.o)
                0x0000000008006800                LCD_DrawHLine
 .text.LCD_FillRect
                0x0000000008006850       0x58 ../../../Middlewares/ST/STemWin/Lib/STemWin_CM4_wc32.a(LCD.o)
                0x0000000008006850                LCD_FillRect
 .text.LCD_DrawBitmap
                0x00000000080068a8      0x224 ../../../Middlewares/ST/STemWin/Lib/STemWin_CM4_wc32.a(LCD.o)
                0x00000000080068a8                LCD_DrawBitmap
 .text.LCD_SetClipRectMax
                0x0000000008006acc       0x1c ../../../Middlewares/ST/STemWin/Lib/STemWin_CM4_wc32.a(LCD.o)
                0x0000000008006acc                LCD_SetClipRectMax
 .text.emWin_LCD_Init
                0x0000000008006ae8       0xa4 ../../../Middlewares/ST/STemWin/Lib/STemWin_CM4_wc32.a(LCD.o)
                0x0000000008006ae8                emWin_LCD_Init
 .text.LCD_Color2Index
                0x0000000008006b8c       0x1c ../../../Middlewares/ST/STemWin/Lib/STemWin_CM4_wc32.a(LCD.o)
                0x0000000008006b8c                LCD_Color2Index
 .text.LCD_Index2Color
                0x0000000008006ba8       0x1c ../../../Middlewares/ST/STemWin/Lib/STemWin_CM4_wc32.a(LCD.o)
                0x0000000008006ba8                LCD_Index2Color
 .text.LCD_SetColorIndex
                0x0000000008006bc4       0x18 ../../../Middlewares/ST/STemWin/Lib/STemWin_CM4_wc32.a(LCD.o)
                0x0000000008006bc4                LCD_SetColorIndex
 .text._SetColor
                0x0000000008006bdc       0x20 ../../../Middlewares/ST/STemWin/Lib/STemWin_CM4_wc32.a(LCD.o)
 .text.LCD_SetBkColorIndex
                0x0000000008006bfc       0x18 ../../../Middlewares/ST/STemWin/Lib/STemWin_CM4_wc32.a(LCD.o)
                0x0000000008006bfc                LCD_SetBkColorIndex
 .text._SetBkColor
                0x0000000008006c14       0x20 ../../../Middlewares/ST/STemWin/Lib/STemWin_CM4_wc32.a(LCD.o)
 .text.LCD_SetBkColor
                0x0000000008006c34        0xc ../../../Middlewares/ST/STemWin/Lib/STemWin_CM4_wc32.a(LCD.o)
                0x0000000008006c34                LCD_SetBkColor
 .text.LCD_SetColor
                0x0000000008006c40        0xc ../../../Middlewares/ST/STemWin/Lib/STemWin_CM4_wc32.a(LCD.o)
                0x0000000008006c40                LCD_SetColor
 .text._OnExit  0x0000000008006c4c       0x1c ../../../Middlewares/ST/STemWin/Lib/STemWin_CM4_wc32.a(LCD_Color.o)
 .text.LCD_InitColors
                0x0000000008006c68       0x3c ../../../Middlewares/ST/STemWin/Lib/STemWin_CM4_wc32.a(LCD_Color.o)
                0x0000000008006c68                LCD_InitColors
 .text.LCD_GetpPalConvTableUncached
                0x0000000008006ca4       0x6c ../../../Middlewares/ST/STemWin/Lib/STemWin_CM4_wc32.a(LCD_Color.o)
                0x0000000008006ca4                LCD_GetpPalConvTableUncached
 .text.LCD_GetpPalConvTable
                0x0000000008006d10        0x4 ../../../Middlewares/ST/STemWin/Lib/STemWin_CM4_wc32.a(LCD_Color.o)
                0x0000000008006d10                LCD_GetpPalConvTable
 .text.LCD_GetpPalConvTableBM
                0x0000000008006d14        0x4 ../../../Middlewares/ST/STemWin/Lib/STemWin_CM4_wc32.a(LCD_Color.o)
                0x0000000008006d14                LCD_GetpPalConvTableBM
 .text.LCD_InitLUT
                0x0000000008006d18       0x88 ../../../Middlewares/ST/STemWin/Lib/STemWin_CM4_wc32.a(LCD_Color.o)
                0x0000000008006d18                LCD_InitLUT
 .text.LCD_GetBkColorIndex
                0x0000000008006da0       0x10 ../../../Middlewares/ST/STemWin/Lib/STemWin_CM4_wc32.a(LCD_GetColorIndex.o)
                0x0000000008006da0                LCD_GetBkColorIndex
 .text.LCD_GetColorIndex
                0x0000000008006db0       0x10 ../../../Middlewares/ST/STemWin/Lib/STemWin_CM4_wc32.a(LCD_GetColorIndex.o)
                0x0000000008006db0                LCD_GetColorIndex
 .text._GetDevProp
                0x0000000008006dc0       0x1e ../../../Middlewares/ST/STemWin/Lib/STemWin_CM4_wc32.a(LCD_GetEx.o)
 .text._GetMaxValue
                0x0000000008006dde       0x22 ../../../Middlewares/ST/STemWin/Lib/STemWin_CM4_wc32.a(LCD_GetEx.o)
 .text.LCD_GetXSizeEx
                0x0000000008006e00        0x6 ../../../Middlewares/ST/STemWin/Lib/STemWin_CM4_wc32.a(LCD_GetEx.o)
                0x0000000008006e00                LCD_GetXSizeEx
 .text.LCD_GetYSizeEx
                0x0000000008006e06        0x6 ../../../Middlewares/ST/STemWin/Lib/STemWin_CM4_wc32.a(LCD_GetEx.o)
                0x0000000008006e06                LCD_GetYSizeEx
 .text.LCD_GetBitsPerPixelEx
                0x0000000008006e0c        0x6 ../../../Middlewares/ST/STemWin/Lib/STemWin_CM4_wc32.a(LCD_GetEx.o)
                0x0000000008006e0c                LCD_GetBitsPerPixelEx
 .text.LCD_GetNumColorsEx
                0x0000000008006e12        0x6 ../../../Middlewares/ST/STemWin/Lib/STemWin_CM4_wc32.a(LCD_GetEx.o)
                0x0000000008006e12                LCD_GetNumColorsEx
 .text.LCD_GetMirrorXEx
                0x0000000008006e18        0x6 ../../../Middlewares/ST/STemWin/Lib/STemWin_CM4_wc32.a(LCD_GetEx.o)
                0x0000000008006e18                LCD_GetMirrorXEx
 .text.LCD_GetMirrorYEx
                0x0000000008006e1e        0x6 ../../../Middlewares/ST/STemWin/Lib/STemWin_CM4_wc32.a(LCD_GetEx.o)
                0x0000000008006e1e                LCD_GetMirrorYEx
 .text.LCD_GetSwapXYEx
                0x0000000008006e24        0x6 ../../../Middlewares/ST/STemWin/Lib/STemWin_CM4_wc32.a(LCD_GetEx.o)
                0x0000000008006e24                LCD_GetSwapXYEx
 *fill*         0x0000000008006e2a        0x2 
 .text.LCD_GetXSize
                0x0000000008006e2c       0x10 ../../../Middlewares/ST/STemWin/Lib/STemWin_CM4_wc32.a(LCD_GetEx.o)
                0x0000000008006e2c                LCD_GetXSize
 .text.LCD_GetYSize
                0x0000000008006e3c       0x10 ../../../Middlewares/ST/STemWin/Lib/STemWin_CM4_wc32.a(LCD_GetEx.o)
                0x0000000008006e3c                LCD_GetYSize
 .text.LCD_GetNumColors
                0x0000000008006e4c       0x10 ../../../Middlewares/ST/STemWin/Lib/STemWin_CM4_wc32.a(LCD_GetEx.o)
                0x0000000008006e4c                LCD_GetNumColors
 .text.GUI_GetBitsPerPixelEx
                0x0000000008006e5c       0x14 ../../../Middlewares/ST/STemWin/Lib/STemWin_CM4_wc32.a(LCD_GetEx.o)
                0x0000000008006e5c                GUI_GetBitsPerPixelEx
 .text.LCD_GetDevFunc
                0x0000000008006e70       0x14 ../../../Middlewares/ST/STemWin/Lib/STemWin_CM4_wc32.a(LCD_GetEx.o)
                0x0000000008006e70                LCD_GetDevFunc
 .text.LCD_GetPaletteEx
                0x0000000008006e84       0x16 ../../../Middlewares/ST/STemWin/Lib/STemWin_CM4_wc32.a(LCD_GetEx.o)
                0x0000000008006e84                LCD_GetPaletteEx
 *fill*         0x0000000008006e9a        0x2 
 .text.LCD_GetPalette
                0x0000000008006e9c       0x10 ../../../Middlewares/ST/STemWin/Lib/STemWin_CM4_wc32.a(LCD_GetEx.o)
                0x0000000008006e9c                LCD_GetPalette
 .text.GUI_GetpfIndex2ColorEx
                0x0000000008006eac       0x10 ../../../Middlewares/ST/STemWin/Lib/STemWin_CM4_wc32.a(LCD_GetEx.o)
                0x0000000008006eac                GUI_GetpfIndex2ColorEx
 .text.LCD_GetXSizeMax
                0x0000000008006ebc        0x6 ../../../Middlewares/ST/STemWin/Lib/STemWin_CM4_wc32.a(LCD_GetEx.o)
                0x0000000008006ebc                LCD_GetXSizeMax
 .text.LCD_GetYSizeMax
                0x0000000008006ec2        0x6 ../../../Middlewares/ST/STemWin/Lib/STemWin_CM4_wc32.a(LCD_GetEx.o)
                0x0000000008006ec2                LCD_GetYSizeMax
 .text.LCD_GetVXSizeMax
                0x0000000008006ec8        0x6 ../../../Middlewares/ST/STemWin/Lib/STemWin_CM4_wc32.a(LCD_GetEx.o)
                0x0000000008006ec8                LCD_GetVXSizeMax
 *fill*         0x0000000008006ece        0x2 
 .text.LCD_SetDisplaySize
                0x0000000008006ed0        0xc ../../../Middlewares/ST/STemWin/Lib/STemWin_CM4_wc32.a(LCD_GetEx.o)
                0x0000000008006ed0                LCD_SetDisplaySize
 .text.LCD_GetXSizeDisplay
                0x0000000008006edc        0xc ../../../Middlewares/ST/STemWin/Lib/STemWin_CM4_wc32.a(LCD_GetEx.o)
                0x0000000008006edc                LCD_GetXSizeDisplay
 .text.LCD_GetYSizeDisplay
                0x0000000008006ee8        0xc ../../../Middlewares/ST/STemWin/Lib/STemWin_CM4_wc32.a(LCD_GetEx.o)
                0x0000000008006ee8                LCD_GetYSizeDisplay
 .text.LCD_GetNumLayers
                0x0000000008006ef4       0x1e ../../../Middlewares/ST/STemWin/Lib/STemWin_CM4_wc32.a(LCD_GetNumDisplays.o)
                0x0000000008006ef4                LCD_GetNumLayers
 *fill*         0x0000000008006f12        0x2 
 .text.LCD_ReadRectEx
                0x0000000008006f14      0x1a4 ../../../Middlewares/ST/STemWin/Lib/STemWin_CM4_wc32.a(LCD_ReadRect.o)
 .text.GUI_ReadRectEx
                0x00000000080070b8       0x60 ../../../Middlewares/ST/STemWin/Lib/STemWin_CM4_wc32.a(LCD_ReadRect.o)
                0x00000000080070b8                GUI_ReadRectEx
 .text.LCD_SelectLCD
                0x0000000008007118       0x40 ../../../Middlewares/ST/STemWin/Lib/STemWin_CM4_wc32.a(LCD_SelectLCD.o)
                0x0000000008007118                LCD_SelectLCD
 .text.LCD_GetPosEx
                0x0000000008007158       0x32 ../../../Middlewares/ST/STemWin/Lib/STemWin_CM4_wc32.a(LCD_Set.o)
                0x0000000008007158                LCD_GetPosEx
 .text.LCD_SetDevFunc
                0x000000000800718a       0x30 ../../../Middlewares/ST/STemWin/Lib/STemWin_CM4_wc32.a(LCD_Set.o)
                0x000000000800718a                LCD_SetDevFunc
 .text.LCD_SetLUTEntryEx
                0x00000000080071ba       0x30 ../../../Middlewares/ST/STemWin/Lib/STemWin_CM4_wc32.a(LCD_Set.o)
                0x00000000080071ba                LCD_SetLUTEntryEx
 .text.LCD_SetPosEx
                0x00000000080071ea       0x30 ../../../Middlewares/ST/STemWin/Lib/STemWin_CM4_wc32.a(LCD_Set.o)
                0x00000000080071ea                LCD_SetPosEx
 .text.LCD_SetSizeEx
                0x000000000800721a       0x30 ../../../Middlewares/ST/STemWin/Lib/STemWin_CM4_wc32.a(LCD_Set.o)
                0x000000000800721a                LCD_SetSizeEx
 .text.LCD_SetVRAMAddrEx
                0x000000000800724a       0x2c ../../../Middlewares/ST/STemWin/Lib/STemWin_CM4_wc32.a(LCD_Set.o)
                0x000000000800724a                LCD_SetVRAMAddrEx
 .text.LCD_SetVSizeEx
                0x0000000008007276       0x30 ../../../Middlewares/ST/STemWin/Lib/STemWin_CM4_wc32.a(LCD_Set.o)
                0x0000000008007276                LCD_SetVSizeEx
 *fill*         0x00000000080072a6        0x2 
 .text.LCD_UpdateColorIndices
                0x00000000080072a8       0x24 ../../../Middlewares/ST/STemWin/Lib/STemWin_CM4_wc32.a(LCD_UpdateColorIndices.o)
                0x00000000080072a8                LCD_UpdateColorIndices
 .text._GetRect
                0x00000000080072cc       0x16 ../../../Middlewares/ST/STemWin/Lib/STemWin_CM4_wc32.a(GUIDRV_Lin_32.o)
 .text._SetPixelIndex
                0x00000000080072e2       0x12 ../../../Middlewares/ST/STemWin/Lib/STemWin_CM4_wc32.a(GUIDRV_Lin_32.o)
 .text._GetPixelIndex
                0x00000000080072f4       0x10 ../../../Middlewares/ST/STemWin/Lib/STemWin_CM4_wc32.a(GUIDRV_Lin_32.o)
 .text._XorPixel
                0x0000000008007304       0x28 ../../../Middlewares/ST/STemWin/Lib/STemWin_CM4_wc32.a(GUIDRV_Lin_32.o)
 .text._FillRect
                0x000000000800732c      0x154 ../../../Middlewares/ST/STemWin/Lib/STemWin_CM4_wc32.a(GUIDRV_Lin_32.o)
 .text._DrawHLine
                0x0000000008007480        0xe ../../../Middlewares/ST/STemWin/Lib/STemWin_CM4_wc32.a(GUIDRV_Lin_32.o)
 .text._DrawVLine
                0x000000000800748e       0x10 ../../../Middlewares/ST/STemWin/Lib/STemWin_CM4_wc32.a(GUIDRV_Lin_32.o)
 .text._GetDevProp
                0x000000000800749e       0x3c ../../../Middlewares/ST/STemWin/Lib/STemWin_CM4_wc32.a(GUIDRV_Lin_32.o)
 *fill*         0x00000000080074da        0x2 
 .text._GetDevData
                0x00000000080074dc       0x10 ../../../Middlewares/ST/STemWin/Lib/STemWin_CM4_wc32.a(GUIDRV_Lin_32.o)
 .text._ReadRect
                0x00000000080074ec       0x5c ../../../Middlewares/ST/STemWin/Lib/STemWin_CM4_wc32.a(GUIDRV_Lin_32.o)
 .text._GetDevFunc
                0x0000000008007548       0xe8 ../../../Middlewares/ST/STemWin/Lib/STemWin_CM4_wc32.a(GUIDRV_Lin_32.o)
 .text._SetChroma
                0x0000000008007630       0x16 ../../../Middlewares/ST/STemWin/Lib/STemWin_CM4_wc32.a(GUIDRV_Lin_32.o)
 .text._SetChromaMode
                0x0000000008007646       0x16 ../../../Middlewares/ST/STemWin/Lib/STemWin_CM4_wc32.a(GUIDRV_Lin_32.o)
 .text._SetAlphaMode
                0x000000000800765c       0x16 ../../../Middlewares/ST/STemWin/Lib/STemWin_CM4_wc32.a(GUIDRV_Lin_32.o)
 .text._Off     0x0000000008007672        0xa ../../../Middlewares/ST/STemWin/Lib/STemWin_CM4_wc32.a(GUIDRV_Lin_32.o)
 .text._On      0x000000000800767c        0xa ../../../Middlewares/ST/STemWin/Lib/STemWin_CM4_wc32.a(GUIDRV_Lin_32.o)
 .text._SetOrg  0x0000000008007686       0x94 ../../../Middlewares/ST/STemWin/Lib/STemWin_CM4_wc32.a(GUIDRV_Lin_32.o)
 *fill*         0x000000000800771a        0x2 
 .text._DrawBitmap
                0x000000000800771c      0x4e4 ../../../Middlewares/ST/STemWin/Lib/STemWin_CM4_wc32.a(GUIDRV_Lin_32.o)
 .text._InitOnce.isra.4
                0x0000000008007c00       0x22 ../../../Middlewares/ST/STemWin/Lib/STemWin_CM4_wc32.a(GUIDRV_Lin_32.o)
 .text._SetDevFunc
                0x0000000008007c22       0x4c ../../../Middlewares/ST/STemWin/Lib/STemWin_CM4_wc32.a(GUIDRV_Lin_32.o)
 *fill*         0x0000000008007c6e        0x2 
 .text._CopyBuffer
                0x0000000008007c70       0x64 ../../../Middlewares/ST/STemWin/Lib/STemWin_CM4_wc32.a(GUIDRV_Lin_32.o)
 .text._GetPos  0x0000000008007cd4       0x1c ../../../Middlewares/ST/STemWin/Lib/STemWin_CM4_wc32.a(GUIDRV_Lin_32.o)
 .text._SetVRAM_BufferPTR
                0x0000000008007cf0       0x18 ../../../Middlewares/ST/STemWin/Lib/STemWin_CM4_wc32.a(GUIDRV_Lin_32.o)
 .text._ShowBuffer
                0x0000000008007d08       0x26 ../../../Middlewares/ST/STemWin/Lib/STemWin_CM4_wc32.a(GUIDRV_Lin_32.o)
 .text._Init    0x0000000008007d2e       0x1a ../../../Middlewares/ST/STemWin/Lib/STemWin_CM4_wc32.a(GUIDRV_Lin_32.o)
 .text._SetVis  0x0000000008007d48       0x28 ../../../Middlewares/ST/STemWin/Lib/STemWin_CM4_wc32.a(GUIDRV_Lin_32.o)
 .text._SetAlpha
                0x0000000008007d70       0x28 ../../../Middlewares/ST/STemWin/Lib/STemWin_CM4_wc32.a(GUIDRV_Lin_32.o)
 .text._SetVRAMAddr
                0x0000000008007d98       0x2a ../../../Middlewares/ST/STemWin/Lib/STemWin_CM4_wc32.a(GUIDRV_Lin_32.o)
 .text._SetPos  0x0000000008007dc2       0xfe ../../../Middlewares/ST/STemWin/Lib/STemWin_CM4_wc32.a(GUIDRV_Lin_32.o)
 .text._SetSize
                0x0000000008007ec0       0x42 ../../../Middlewares/ST/STemWin/Lib/STemWin_CM4_wc32.a(GUIDRV_Lin_32.o)
 .text._SetVSize
                0x0000000008007f02       0x26 ../../../Middlewares/ST/STemWin/Lib/STemWin_CM4_wc32.a(GUIDRV_Lin_32.o)
 .text._GetDevData
                0x0000000008007f28       0x10 ../../../Middlewares/ST/STemWin/Lib/STemWin_CM4_wc32.a(GUIDEV_32.o)
 .text._GetDevFunc
                0x0000000008007f38       0x10 ../../../Middlewares/ST/STemWin/Lib/STemWin_CM4_wc32.a(GUIDEV_32.o)
 .text._GetDevProp
                0x0000000008007f48        0xa ../../../Middlewares/ST/STemWin/Lib/STemWin_CM4_wc32.a(GUIDEV_32.o)
 .text._SetOrg  0x0000000008007f52        0x8 ../../../Middlewares/ST/STemWin/Lib/STemWin_CM4_wc32.a(GUIDEV_32.o)
 .text._GetRect
                0x0000000008007f5a       0x36 ../../../Middlewares/ST/STemWin/Lib/STemWin_CM4_wc32.a(GUIDEV_32.o)
 .text._XY2PTR  0x0000000008007f90       0x40 ../../../Middlewares/ST/STemWin/Lib/STemWin_CM4_wc32.a(GUIDEV_32.o)
 .text._GetPixelIndex
                0x0000000008007fd0        0xe ../../../Middlewares/ST/STemWin/Lib/STemWin_CM4_wc32.a(GUIDEV_32.o)
 *fill*         0x0000000008007fde        0x2 
 .text._XorPixel
                0x0000000008007fe0       0x5c ../../../Middlewares/ST/STemWin/Lib/STemWin_CM4_wc32.a(GUIDEV_32.o)
 .text._SetPixelIndex
                0x000000000800803c       0x4c ../../../Middlewares/ST/STemWin/Lib/STemWin_CM4_wc32.a(GUIDEV_32.o)
 .text._DrawVLine
                0x0000000008008088       0xb4 ../../../Middlewares/ST/STemWin/Lib/STemWin_CM4_wc32.a(GUIDEV_32.o)
 .text._FillRect
                0x000000000800813c       0xb4 ../../../Middlewares/ST/STemWin/Lib/STemWin_CM4_wc32.a(GUIDEV_32.o)
 .text._DrawHLine
                0x00000000080081f0        0xe ../../../Middlewares/ST/STemWin/Lib/STemWin_CM4_wc32.a(GUIDEV_32.o)
 *fill*         0x00000000080081fe        0x2 
 .text._DrawBitmap
                0x0000000008008200      0x718 ../../../Middlewares/ST/STemWin/Lib/STemWin_CM4_wc32.a(GUIDEV_32.o)
 .text.GUI_USAGE_DecUseCnt
                0x0000000008008918       0x28 ../../../Middlewares/ST/STemWin/Lib/STemWin_CM4_wc32.a(GUIDEV_Usage.o)
                0x0000000008008918                GUI_USAGE_DecUseCnt
 .text.GUI_USAGE_AddRect
                0x0000000008008940       0x26 ../../../Middlewares/ST/STemWin/Lib/STemWin_CM4_wc32.a(GUIDEV_Usage.o)
                0x0000000008008940                GUI_USAGE_AddRect
 *fill*         0x0000000008008966        0x2 
 .text.GUI_MEMDEV__WriteToActiveAlpha
                0x0000000008008968      0x184 ../../../Middlewares/ST/STemWin/Lib/STemWin_CM4_wc32.a(GUIDEV_WriteToActiveAlpha.o)
                0x0000000008008968                GUI_MEMDEV__WriteToActiveAlpha
 .text._OnExit  0x0000000008008aec       0x9c ../../../Middlewares/ST/STemWin/Lib/STemWin_CM4_wc32.a(WM.o)
 .text._Findy1  0x0000000008008b88       0xa6 ../../../Middlewares/ST/STemWin/Lib/STemWin_CM4_wc32.a(WM.o)
 .text._Findx0  0x0000000008008c2e       0x86 ../../../Middlewares/ST/STemWin/Lib/STemWin_CM4_wc32.a(WM.o)
 .text._Findx1  0x0000000008008cb4       0x72 ../../../Middlewares/ST/STemWin/Lib/STemWin_CM4_wc32.a(WM.o)
 *fill*         0x0000000008008d26        0x2 
 .text.WM__ClipAtParentBorders
                0x0000000008008d28       0x58 ../../../Middlewares/ST/STemWin/Lib/STemWin_CM4_wc32.a(WM.o)
                0x0000000008008d28                WM__ClipAtParentBorders
 .text.WM__InsertWindowIntoList
                0x0000000008008d80       0xac ../../../Middlewares/ST/STemWin/Lib/STemWin_CM4_wc32.a(WM.o)
                0x0000000008008d80                WM__InsertWindowIntoList
 .text.WM__Client2Screen
                0x0000000008008e2c       0x10 ../../../Middlewares/ST/STemWin/Lib/STemWin_CM4_wc32.a(WM.o)
                0x0000000008008e2c                WM__Client2Screen
 .text._SetClipRectUserIntersect
                0x0000000008008e3c       0x50 ../../../Middlewares/ST/STemWin/Lib/STemWin_CM4_wc32.a(WM.o)
 .text.WM__ActivateClipRect
                0x0000000008008e8c       0x48 ../../../Middlewares/ST/STemWin/Lib/STemWin_CM4_wc32.a(WM.o)
                0x0000000008008e8c                WM__ActivateClipRect
 .text.WM__IsWindow
                0x0000000008008ed4       0x20 ../../../Middlewares/ST/STemWin/Lib/STemWin_CM4_wc32.a(WM.o)
                0x0000000008008ed4                WM__IsWindow
 .text.WM__InvalidateDrawAndDescs
                0x0000000008008ef4       0x50 ../../../Middlewares/ST/STemWin/Lib/STemWin_CM4_wc32.a(WM.o)
                0x0000000008008ef4                WM__InvalidateDrawAndDescs
 .text.WM__RectIsNZ
                0x0000000008008f44       0x22 ../../../Middlewares/ST/STemWin/Lib/STemWin_CM4_wc32.a(WM.o)
                0x0000000008008f44                WM__RectIsNZ
 .text.WM__SendMsgNoData
                0x0000000008008f66       0x16 ../../../Middlewares/ST/STemWin/Lib/STemWin_CM4_wc32.a(WM.o)
                0x0000000008008f66                WM__SendMsgNoData
 .text.WM__GetClientRectWin
                0x0000000008008f7c       0x18 ../../../Middlewares/ST/STemWin/Lib/STemWin_CM4_wc32.a(WM.o)
                0x0000000008008f7c                WM__GetClientRectWin
 .text.WM__GetTopLevelLayer
                0x0000000008008f94       0x28 ../../../Middlewares/ST/STemWin/Lib/STemWin_CM4_wc32.a(WM.o)
                0x0000000008008f94                WM__GetTopLevelLayer
 .text._Invalidate1Abs
                0x0000000008008fbc       0xa0 ../../../Middlewares/ST/STemWin/Lib/STemWin_CM4_wc32.a(WM.o)
 .text.WM__Invalidate1Abs
                0x000000000800905c        0x6 ../../../Middlewares/ST/STemWin/Lib/STemWin_CM4_wc32.a(WM.o)
                0x000000000800905c                WM__Invalidate1Abs
 .text.WM_InvalidateWindowAndDescsEx
                0x0000000008009062       0x64 ../../../Middlewares/ST/STemWin/Lib/STemWin_CM4_wc32.a(WM.o)
                0x0000000008009062                WM_InvalidateWindowAndDescsEx
 .text.WM__InvalidateRect
                0x00000000080090c6       0x76 ../../../Middlewares/ST/STemWin/Lib/STemWin_CM4_wc32.a(WM.o)
                0x00000000080090c6                WM__InvalidateRect
 .text.WM__InvalidateRectEx
                0x000000000800913c        0x6 ../../../Middlewares/ST/STemWin/Lib/STemWin_CM4_wc32.a(WM.o)
                0x000000000800913c                WM__InvalidateRectEx
 .text.WM_InvalidateRect
                0x0000000008009142       0x78 ../../../Middlewares/ST/STemWin/Lib/STemWin_CM4_wc32.a(WM.o)
                0x0000000008009142                WM_InvalidateRect
 .text.WM_InvalidateWindow
                0x00000000080091ba        0x6 ../../../Middlewares/ST/STemWin/Lib/STemWin_CM4_wc32.a(WM.o)
                0x00000000080091ba                WM_InvalidateWindow
 .text.WM__SelectTopLevelLayer
                0x00000000080091c0       0x14 ../../../Middlewares/ST/STemWin/Lib/STemWin_CM4_wc32.a(WM.o)
                0x00000000080091c0                WM__SelectTopLevelLayer
 .text.WM_SelectWindow
                0x00000000080091d4       0x40 ../../../Middlewares/ST/STemWin/Lib/STemWin_CM4_wc32.a(WM.o)
                0x00000000080091d4                WM_SelectWindow
 .text.WM_CreateWindowAsChild
                0x0000000008009214      0x160 ../../../Middlewares/ST/STemWin/Lib/STemWin_CM4_wc32.a(WM.o)
                0x0000000008009214                WM_CreateWindowAsChild
 .text.WM__GetNextIVR